May  1 14:03:02 dpoveda syslogd 1.5.1: restart.
May  1 14:03:02 dpoveda kernel: klogd 1.5.1, log source = /proc/kmsg started.
May  1 14:03:02 dpoveda kernel: Cannot find map file.
May  1 14:03:02 dpoveda kernel: Loaded 106680 symbols from 1 module.
May  1 14:03:02 dpoveda kernel: [    0.000000] Linux version 6.1.11-dpoveda (root@debian) (gcc (GCC) 12.2.0, GNU ld (GNU Binutils) 2.40) #1 SMP PREEMPT_DYNAMIC Mon May  1 13:25:56 CEST 2023
May  1 14:03:02 dpoveda kernel: [    0.000000] Command line: BOOT_IMAGE=/vmlinuz-6.1.11-dpoveda root=/dev/sda3 ro
May  1 14:03:02 dpoveda kernel: [    0.000000] [Firmware Bug]: TSC doesn't count with P0 frequency!
May  1 14:03:02 dpoveda kernel: [    0.000000] x86/fpu: x87 FPU will use FXSAVE
May  1 14:03:02 dpoveda kernel: [    0.000000] signal: max sigframe size: 1440
May  1 14:03:02 dpoveda kernel: [    0.000000] BIOS-provided physical RAM map:
May  1 14:03:02 dpoveda kernel: [    0.000000] BIOS-e820: [mem 0x0000000000000000-0x000000000009fbff] usable
May  1 14:03:02 dpoveda kernel: [    0.000000] BIOS-e820: [mem 0x000000000009fc00-0x000000000009ffff] reserved
May  1 14:03:02 dpoveda kernel: [    0.000000] BIOS-e820: [mem 0x00000000000f0000-0x00000000000fffff] reserved
May  1 14:03:02 dpoveda kernel: [    0.000000] BIOS-e820: [mem 0x0000000000100000-0x00000000dffeffff] usable
May  1 14:03:02 dpoveda kernel: [    0.000000] BIOS-e820: [mem 0x00000000dfff0000-0x00000000dfffffff] ACPI data
May  1 14:03:02 dpoveda kernel: [    0.000000] BIOS-e820: [mem 0x00000000fec00000-0x00000000fec00fff] reserved
May  1 14:03:02 dpoveda kernel: [    0.000000] BIOS-e820: [mem 0x00000000fee00000-0x00000000fee00fff] reserved
May  1 14:03:02 dpoveda kernel: [    0.000000] BIOS-e820: [mem 0x00000000fffc0000-0x00000000ffffffff] reserved
May  1 14:03:02 dpoveda kernel: [    0.000000] BIOS-e820: [mem 0x0000000100000000-0x000000011fffffff] usable
May  1 14:03:02 dpoveda kernel: [    0.000000] NX (Execute Disable) protection: active
May  1 14:03:02 dpoveda kernel: [    0.000000] SMBIOS 2.5 present.
May  1 14:03:02 dpoveda kernel: [    0.000000] DMI: innotek GmbH VirtualBox/VirtualBox, BIOS VirtualBox 12/01/2006
May  1 14:03:02 dpoveda kernel: [    0.000000] Hypervisor detected: KVM
May  1 14:03:02 dpoveda kernel: [    0.000000] kvm-clock: Using msrs 4b564d01 and 4b564d00
May  1 14:03:02 dpoveda kernel: [    0.000001] kvm-clock: using sched offset of 5389259112 cycles
May  1 14:03:02 dpoveda kernel: [    0.000003] clocksource: kvm-clock: mask: 0xffffffffffffffff max_cycles: 0x1cd42e4dffb, max_idle_ns: 881590591483 ns
May  1 14:03:02 dpoveda kernel: [    0.000005] tsc: Detected 3693.104 MHz processor
May  1 14:03:02 dpoveda kernel: [    0.002212] e820: update [mem 0x00000000-0x00000fff] usable ==> reserved
May  1 14:03:02 dpoveda kernel: [    0.002214] e820: remove [mem 0x000a0000-0x000fffff] usable
May  1 14:03:02 dpoveda kernel: [    0.002218] last_pfn = 0x120000 max_arch_pfn = 0x400000000
May  1 14:03:02 dpoveda kernel: [    0.002260] Disabled
May  1 14:03:02 dpoveda kernel: [    0.002261] x86/PAT: MTRRs disabled, skipping PAT initialization too.
May  1 14:03:02 dpoveda kernel: [    0.002268] CPU MTRRs all blank - virtualized system.
May  1 14:03:02 dpoveda kernel: [    0.002270] x86/PAT: Configuration [0-7]: WB  WT  UC- UC  WB  WT  UC- UC  
May  1 14:03:02 dpoveda kernel: [    0.002271] last_pfn = 0xdfff0 max_arch_pfn = 0x400000000
May  1 14:03:02 dpoveda kernel: [    0.002287] found SMP MP-table at [mem 0x0009fff0-0x0009ffff]
May  1 14:03:02 dpoveda kernel: [    0.002400] ACPI: Early table checksum verification disabled
May  1 14:03:02 dpoveda kernel: [    0.002403] ACPI: RSDP 0x00000000000E0000 000024 (v02 VBOX  )
May  1 14:03:02 dpoveda kernel: [    0.002424] ACPI: XSDT 0x00000000DFFF0030 00003C (v01 VBOX   VBOXXSDT 00000001 ASL  00000061)
May  1 14:03:02 dpoveda kernel: [    0.002430] ACPI: FACP 0x00000000DFFF00F0 0000F4 (v04 VBOX   VBOXFACP 00000001 ASL  00000061)
May  1 14:03:02 dpoveda kernel: [    0.002434] ACPI: DSDT 0x00000000DFFF0480 002325 (v02 VBOX   VBOXBIOS 00000002 INTL 20100528)
May  1 14:03:02 dpoveda kernel: [    0.002437] ACPI: FACS 0x00000000DFFF0200 000040
May  1 14:03:02 dpoveda kernel: [    0.002439] ACPI: FACS 0x00000000DFFF0200 000040
May  1 14:03:02 dpoveda kernel: [    0.002441] ACPI: APIC 0x00000000DFFF0240 00006C (v02 VBOX   VBOXAPIC 00000001 ASL  00000061)
May  1 14:03:02 dpoveda kernel: [    0.002443] ACPI: SSDT 0x00000000DFFF02B0 0001CC (v01 VBOX   VBOXCPUT 00000002 INTL 20100528)
May  1 14:03:02 dpoveda kernel: [    0.002445] ACPI: Reserving FACP table memory at [mem 0xdfff00f0-0xdfff01e3]
May  1 14:03:02 dpoveda kernel: [    0.002447] ACPI: Reserving DSDT table memory at [mem 0xdfff0480-0xdfff27a4]
May  1 14:03:02 dpoveda kernel: [    0.002448] ACPI: Reserving FACS table memory at [mem 0xdfff0200-0xdfff023f]
May  1 14:03:02 dpoveda kernel: [    0.002449] ACPI: Reserving FACS table memory at [mem 0xdfff0200-0xdfff023f]
May  1 14:03:02 dpoveda kernel: [    0.002449] ACPI: Reserving APIC table memory at [mem 0xdfff0240-0xdfff02ab]
May  1 14:03:02 dpoveda kernel: [    0.002450] ACPI: Reserving SSDT table memory at [mem 0xdfff02b0-0xdfff047b]
May  1 14:03:02 dpoveda kernel: [    0.003353] No NUMA configuration found
May  1 14:03:02 dpoveda kernel: [    0.003355] Faking a node at [mem 0x0000000000000000-0x000000011fffffff]
May  1 14:03:02 dpoveda kernel: [    0.003359] NODE_DATA(0) allocated [mem 0x11fff8000-0x11fffbfff]
May  1 14:03:02 dpoveda kernel: [    0.003537] Zone ranges:
May  1 14:03:02 dpoveda kernel: [    0.003538]   DMA      [mem 0x0000000000001000-0x0000000000ffffff]
May  1 14:03:02 dpoveda kernel: [    0.003540]   DMA32    [mem 0x0000000001000000-0x00000000ffffffff]
May  1 14:03:02 dpoveda kernel: [    0.003541]   Normal   [mem 0x0000000100000000-0x000000011fffffff]
May  1 14:03:02 dpoveda kernel: [    0.003542] Movable zone start for each node
May  1 14:03:02 dpoveda kernel: [    0.003543] Early memory node ranges
May  1 14:03:02 dpoveda kernel: [    0.003543]   node   0: [mem 0x0000000000001000-0x000000000009efff]
May  1 14:03:02 dpoveda kernel: [    0.003544]   node   0: [mem 0x0000000000100000-0x00000000dffeffff]
May  1 14:03:02 dpoveda kernel: [    0.003546]   node   0: [mem 0x0000000100000000-0x000000011fffffff]
May  1 14:03:02 dpoveda kernel: [    0.003547] Initmem setup node 0 [mem 0x0000000000001000-0x000000011fffffff]
May  1 14:03:02 dpoveda kernel: [    0.003594] On node 0, zone DMA: 1 pages in unavailable ranges
May  1 14:03:02 dpoveda kernel: [    0.004351] On node 0, zone DMA: 97 pages in unavailable ranges
May  1 14:03:02 dpoveda kernel: [    0.156832] On node 0, zone Normal: 16 pages in unavailable ranges
May  1 14:03:02 dpoveda kernel: [    0.158068] ACPI: PM-Timer IO Port: 0x4008
May  1 14:03:02 dpoveda kernel: [    0.158394] IOAPIC[0]: apic_id 4, version 32, address 0xfec00000, GSI 0-23
May  1 14:03:02 dpoveda kernel: [    0.158398] ACPI: INT_SRC_OVR (bus 0 bus_irq 0 global_irq 2 dfl dfl)
May  1 14:03:02 dpoveda kernel: [    0.158401] ACPI: INT_SRC_OVR (bus 0 bus_irq 9 global_irq 9 low level)
May  1 14:03:02 dpoveda kernel: [    0.158405] ACPI: Using ACPI (MADT) for SMP configuration information
May  1 14:03:02 dpoveda kernel: [    0.158440] smpboot: Allowing 4 CPUs, 0 hotplug CPUs
May  1 14:03:02 dpoveda kernel: [    0.158532] PM: hibernation: Registered nosave memory: [mem 0x00000000-0x00000fff]
May  1 14:03:02 dpoveda kernel: [    0.158534] PM: hibernation: Registered nosave memory: [mem 0x0009f000-0x0009ffff]
May  1 14:03:02 dpoveda kernel: [    0.158535] PM: hibernation: Registered nosave memory: [mem 0x000a0000-0x000effff]
May  1 14:03:02 dpoveda kernel: [    0.158535] PM: hibernation: Registered nosave memory: [mem 0x000f0000-0x000fffff]
May  1 14:03:02 dpoveda kernel: [    0.158536] PM: hibernation: Registered nosave memory: [mem 0xdfff0000-0xdfffffff]
May  1 14:03:02 dpoveda kernel: [    0.158537] PM: hibernation: Registered nosave memory: [mem 0xe0000000-0xfebfffff]
May  1 14:03:02 dpoveda kernel: [    0.158538] PM: hibernation: Registered nosave memory: [mem 0xfec00000-0xfec00fff]
May  1 14:03:02 dpoveda kernel: [    0.158539] PM: hibernation: Registered nosave memory: [mem 0xfec01000-0xfedfffff]
May  1 14:03:02 dpoveda kernel: [    0.158539] PM: hibernation: Registered nosave memory: [mem 0xfee00000-0xfee00fff]
May  1 14:03:02 dpoveda kernel: [    0.158540] PM: hibernation: Registered nosave memory: [mem 0xfee01000-0xfffbffff]
May  1 14:03:02 dpoveda kernel: [    0.158540] PM: hibernation: Registered nosave memory: [mem 0xfffc0000-0xffffffff]
May  1 14:03:02 dpoveda kernel: [    0.158542] [mem 0xe0000000-0xfebfffff] available for PCI devices
May  1 14:03:02 dpoveda kernel: [    0.158543] Booting paravirtualized kernel on KVM
May  1 14:03:02 dpoveda kernel: [    0.158546] clocksource: refined-jiffies: mask: 0xffffffff max_cycles: 0xffffffff, max_idle_ns: 1910969940391419 ns
May  1 14:03:02 dpoveda kernel: [    0.161976] setup_percpu: NR_CPUS:64 nr_cpumask_bits:4 nr_cpu_ids:4 nr_node_ids:1
May  1 14:03:02 dpoveda kernel: [    0.166925] percpu: Embedded 53 pages/cpu s176296 r8192 d32600 u524288
May  1 14:03:02 dpoveda kernel: [    0.166930] pcpu-alloc: s176296 r8192 d32600 u524288 alloc=1*2097152
May  1 14:03:02 dpoveda kernel: [    0.166933] pcpu-alloc: [0] 0 1 2 3 
May  1 14:03:02 dpoveda kernel: [    0.166992] Fallback order for Node 0: 0 
May  1 14:03:02 dpoveda kernel: [    0.166995] Built 1 zonelists, mobility grouping on.  Total pages: 1031920
May  1 14:03:02 dpoveda kernel: [    0.166996] Policy zone: Normal
May  1 14:03:02 dpoveda kernel: [    0.166997] Kernel command line: BOOT_IMAGE=/vmlinuz-6.1.11-dpoveda root=/dev/sda3 ro
May  1 14:03:02 dpoveda kernel: [    0.167022] Unknown kernel command line parameters "BOOT_IMAGE=/vmlinuz-6.1.11-dpoveda", will be passed to user space.
May  1 14:03:02 dpoveda kernel: [    0.177745] Dentry cache hash table entries: 524288 (order: 10, 4194304 bytes, linear)
May  1 14:03:02 dpoveda kernel: [    0.182157] Inode-cache hash table entries: 262144 (order: 9, 2097152 bytes, linear)
May  1 14:03:02 dpoveda kernel: [    0.182272] mem auto-init: stack:all(zero), heap alloc:off, heap free:off
May  1 14:03:02 dpoveda kernel: [    0.182278] software IO TLB: area num 4.
May  1 14:03:02 dpoveda kernel: [    0.321601] Memory: 4019160K/4193848K available (16396K kernel code, 2680K rwdata, 4820K rodata, 1528K init, 864K bss, 174428K reserved, 0K cma-reserved)
May  1 14:03:02 dpoveda kernel: [    0.321660] SLUB: HWalign=64, Order=0-3, MinObjects=0, CPUs=4, Nodes=1
May  1 14:03:02 dpoveda kernel: [    0.323145] Dynamic Preempt: voluntary
May  1 14:03:02 dpoveda kernel: [    0.323276] rcu: Preemptible hierarchical RCU implementation.
May  1 14:03:02 dpoveda kernel: [    0.323277] rcu: ^IRCU event tracing is enabled.
May  1 14:03:02 dpoveda kernel: [    0.323277] rcu: ^IRCU restricting CPUs from NR_CPUS=64 to nr_cpu_ids=4.
May  1 14:03:02 dpoveda kernel: [    0.323279] ^ITrampoline variant of Tasks RCU enabled.
May  1 14:03:02 dpoveda kernel: [    0.323280] rcu: RCU calculated value of scheduler-enlistment delay is 100 jiffies.
May  1 14:03:02 dpoveda kernel: [    0.323281] rcu: Adjusting geometry for rcu_fanout_leaf=16, nr_cpu_ids=4
May  1 14:03:02 dpoveda kernel: [    0.324858] NR_IRQS: 4352, nr_irqs: 456, preallocated irqs: 16
May  1 14:03:02 dpoveda kernel: [    0.325164] rcu: srcu_init: Setting srcu_struct sizes based on contention.
May  1 14:03:02 dpoveda kernel: [    0.354482] Console: colour VGA+ 80x25
May  1 14:03:02 dpoveda kernel: [    0.550413] printk: console [tty0] enabled
May  1 14:03:02 dpoveda kernel: [    0.551948] ACPI: Core revision 20220331
May  1 14:03:02 dpoveda kernel: [    0.553157] APIC: Switch to symmetric I/O mode setup
May  1 14:03:02 dpoveda kernel: [    0.562253] ..TIMER: vector=0x30 apic1=0 pin1=2 apic2=-1 pin2=-1
May  1 14:03:02 dpoveda kernel: [    0.563805] clocksource: tsc-early: mask: 0xffffffffffffffff max_cycles: 0x6a77c752a1a, max_idle_ns: 881590993566 ns
May  1 14:03:02 dpoveda kernel: [    0.566209] Calibrating delay loop (skipped) preset value.. 7386.20 BogoMIPS (lpj=3693104)
May  1 14:03:02 dpoveda kernel: [    0.567204] pid_max: default: 32768 minimum: 301
May  1 14:03:02 dpoveda kernel: [    0.567204] LSM: Security Framework initializing
May  1 14:03:02 dpoveda kernel: [    0.567204] SELinux:  Initializing.
May  1 14:03:02 dpoveda kernel: [    0.568208] Mount-cache hash table entries: 8192 (order: 4, 65536 bytes, linear)
May  1 14:03:02 dpoveda kernel: [    0.570247] Mountpoint-cache hash table entries: 8192 (order: 4, 65536 bytes, linear)
May  1 14:03:02 dpoveda kernel: [    0.572457] Last level iTLB entries: 4KB 512, 2MB 512, 4MB 256
May  1 14:03:02 dpoveda kernel: [    0.573207] Last level dTLB entries: 4KB 2048, 2MB 2048, 4MB 1024, 1GB 0
May  1 14:03:02 dpoveda kernel: [    0.574209] Spectre V1 : Mitigation: usercopy/swapgs barriers and __user pointer sanitization
May  1 14:03:02 dpoveda kernel: [    0.575206] Spectre V2 : Mitigation: Retpolines
May  1 14:03:02 dpoveda kernel: [    0.576206] Spectre V2 : Spectre v2 / SpectreRSB mitigation: Filling RSB on context switch
May  1 14:03:02 dpoveda kernel: [    0.577206] Spectre V2 : Spectre v2 / SpectreRSB : Filling RSB on VMEXIT
May  1 14:03:02 dpoveda kernel: [    0.596331] Freeing SMP alternatives memory: 44K
May  1 14:03:02 dpoveda kernel: [    0.706206] APIC calibration not consistent with PM-Timer: 114ms instead of 100ms
May  1 14:03:02 dpoveda kernel: [    0.707204] APIC delta adjusted to PM-Timer: 6300311 (7185126)
May  1 14:03:02 dpoveda kernel: [    0.707416] smpboot: CPU0: AMD Ryzen 9 5900X 12-Core Processor (family: 0x19, model: 0x21, stepping: 0x0)
May  1 14:03:02 dpoveda kernel: [    0.709378] cblist_init_generic: Setting adjustable number of callback queues.
May  1 14:03:02 dpoveda kernel: [    0.710206] cblist_init_generic: Setting shift to 2 and lim to 1.
May  1 14:03:02 dpoveda kernel: [    0.711273] Performance Events: PMU not available due to virtualization, using software events only.
May  1 14:03:02 dpoveda kernel: [    0.713275] rcu: Hierarchical SRCU implementation.
May  1 14:03:02 dpoveda kernel: [    0.714206] rcu: ^IMax phase no-delay instances is 400.
May  1 14:03:02 dpoveda kernel: [    0.716782] smp: Bringing up secondary CPUs ...
May  1 14:03:02 dpoveda kernel: [    0.718516] x86: Booting SMP configuration:
May  1 14:03:02 dpoveda kernel: [    0.719206] .... node  #0, CPUs:      #1
May  1 14:03:02 dpoveda kernel: [    0.722204] TSC synchronization [CPU#0 -> CPU#1]:
May  1 14:03:02 dpoveda kernel: [    0.722204] Measured 91504 cycles TSC warp between CPUs, turning off TSC clock.
May  1 14:03:02 dpoveda kernel: [    0.722204] tsc: Marking TSC unstable due to check_tsc_sync_source failed
May  1 14:03:02 dpoveda kernel: [    0.723666]  #2 #3
May  1 14:03:02 dpoveda kernel: [    0.731414] smp: Brought up 1 node, 4 CPUs
May  1 14:03:02 dpoveda kernel: [    0.732204] smpboot: Max logical packages: 1
May  1 14:03:02 dpoveda kernel: [    0.732207] smpboot: Total of 4 processors activated (29544.83 BogoMIPS)
May  1 14:03:02 dpoveda kernel: [    0.733463] devtmpfs: initialized
May  1 14:03:02 dpoveda kernel: [    0.734410] clocksource: jiffies: mask: 0xffffffff max_cycles: 0xffffffff, max_idle_ns: 1911260446275000 ns
May  1 14:03:02 dpoveda kernel: [    0.735212] futex hash table entries: 1024 (order: 4, 65536 bytes, linear)
May  1 14:03:02 dpoveda kernel: [    0.736463] PM: RTC time: 12:02:48, date: 2023-05-01
May  1 14:03:02 dpoveda kernel: [    0.737566] NET: Registered PF_NETLINK/PF_ROUTE protocol family
May  1 14:03:02 dpoveda kernel: [    0.738204] audit: initializing netlink subsys (disabled)
May  1 14:03:02 dpoveda kernel: [    0.738728] audit: type=2000 audit(1682942575.196:1): state=initialized audit_enabled=0 res=1
May  1 14:03:02 dpoveda kernel: [    0.738728] thermal_sys: Registered thermal governor 'step_wise'
May  1 14:03:02 dpoveda kernel: [    0.739208] thermal_sys: Registered thermal governor 'user_space'
May  1 14:03:02 dpoveda kernel: [    0.741348] cpuidle: using governor menu
May  1 14:03:02 dpoveda kernel: [    0.743797] PCI: Using configuration type 1 for base access
May  1 14:03:02 dpoveda kernel: [    0.744206] PCI: Using configuration type 1 for extended access
May  1 14:03:02 dpoveda kernel: [    0.746476] kprobes: kprobe jump-optimization is enabled. All kprobes are optimized if possible.
May  1 14:03:02 dpoveda kernel: [    0.748527] HugeTLB: registered 2.00 MiB page size, pre-allocated 0 pages
May  1 14:03:02 dpoveda kernel: [    0.749207] HugeTLB: 28 KiB vmemmap can be freed for a 2.00 MiB page
May  1 14:03:02 dpoveda kernel: [    0.751744] ACPI: Added _OSI(Module Device)
May  1 14:03:02 dpoveda kernel: [    0.752207] ACPI: Added _OSI(Processor Device)
May  1 14:03:02 dpoveda kernel: [    0.753204] ACPI: Added _OSI(3.0 _SCP Extensions)
May  1 14:03:02 dpoveda kernel: [    0.753204] ACPI: Added _OSI(Processor Aggregator Device)
May  1 14:03:02 dpoveda kernel: [    0.754204] ACPI: 2 ACPI AML tables successfully acquired and loaded
May  1 14:03:02 dpoveda kernel: [    0.778677] ACPI: Interpreter enabled
May  1 14:03:02 dpoveda kernel: [    0.779204] ACPI: PM: (supports S0 S5)
May  1 14:03:02 dpoveda kernel: [    0.779207] ACPI: Using IOAPIC for interrupt routing
May  1 14:03:02 dpoveda kernel: [    0.780431] PCI: Using host bridge windows from ACPI; if necessary, use "pci=nocrs" and report a bug
May  1 14:03:02 dpoveda kernel: [    0.782207] PCI: Using E820 reservations for host bridge windows
May  1 14:03:02 dpoveda kernel: [    0.783204] ACPI: Enabled 2 GPEs in block 00 to 07
May  1 14:03:02 dpoveda kernel: [    0.784204] ACPI: PCI Root Bridge [PCI0] (domain 0000 [bus 00-ff])
May  1 14:03:02 dpoveda kernel: [    0.785211] acpi PNP0A03:00: _OSC: OS supports [ExtendedConfig ASPM ClockPM Segments MSI HPX-Type3]
May  1 14:03:02 dpoveda kernel: [    0.786592] acpi PNP0A03:00: _OSC: platform does not support [PCIeCapability LTR]
May  1 14:03:02 dpoveda kernel: [    0.787533] acpi PNP0A03:00: _OSC: not requesting control; platform does not support [PCIeCapability]
May  1 14:03:02 dpoveda kernel: [    0.788207] acpi PNP0A03:00: _OSC: OS requested [PME PCIeCapability LTR]
May  1 14:03:02 dpoveda kernel: [    0.789207] acpi PNP0A03:00: _OSC: platform willing to grant [PME]
May  1 14:03:02 dpoveda kernel: [    0.790207] acpi PNP0A03:00: _OSC: platform retains control of PCIe features (AE_SUPPORT)
May  1 14:03:02 dpoveda kernel: [    0.790343] PCI host bridge to bus 0000:00
May  1 14:03:02 dpoveda kernel: [    0.791204] pci_bus 0000:00: root bus resource [io  0x0000-0x0cf7 window]
May  1 14:03:02 dpoveda kernel: [    0.792207] pci_bus 0000:00: root bus resource [io  0x0d00-0xffff window]
May  1 14:03:02 dpoveda kernel: [    0.793207] pci_bus 0000:00: root bus resource [mem 0x000a0000-0x000bffff window]
May  1 14:03:02 dpoveda kernel: [    0.794204] pci_bus 0000:00: root bus resource [mem 0xe0000000-0xfdffffff window]
May  1 14:03:02 dpoveda kernel: [    0.794207] pci_bus 0000:00: root bus resource [bus 00-ff]
May  1 14:03:02 dpoveda kernel: [    0.795346] pci 0000:00:00.0: [8086:1237] type 00 class 0x060000
May  1 14:03:02 dpoveda kernel: [    0.796204] pci 0000:00:01.0: [8086:7000] type 00 class 0x060100
May  1 14:03:02 dpoveda kernel: [    0.798204] pci 0000:00:01.1: [8086:7111] type 00 class 0x01018a
May  1 14:03:02 dpoveda kernel: [    0.798801] pci 0000:00:01.1: reg 0x20: [io  0xd000-0xd00f]
May  1 14:03:02 dpoveda kernel: [    0.799457] pci 0000:00:01.1: legacy IDE quirk: reg 0x10: [io  0x01f0-0x01f7]
May  1 14:03:02 dpoveda kernel: [    0.800204] pci 0000:00:01.1: legacy IDE quirk: reg 0x14: [io  0x03f6]
May  1 14:03:02 dpoveda kernel: [    0.800207] pci 0000:00:01.1: legacy IDE quirk: reg 0x18: [io  0x0170-0x0177]
May  1 14:03:02 dpoveda kernel: [    0.801206] pci 0000:00:01.1: legacy IDE quirk: reg 0x1c: [io  0x0376]
May  1 14:03:02 dpoveda kernel: [    0.802204] pci 0000:00:02.0: [15ad:0405] type 00 class 0x030000
May  1 14:03:02 dpoveda kernel: [    0.804204] pci 0000:00:02.0: reg 0x10: [io  0xd010-0xd01f]
May  1 14:03:02 dpoveda kernel: [    0.805204] pci 0000:00:02.0: reg 0x14: [mem 0xe0000000-0xe0ffffff pref]
May  1 14:03:02 dpoveda kernel: [    0.807204] pci 0000:00:02.0: reg 0x18: [mem 0xf0000000-0xf01fffff]
May  1 14:03:02 dpoveda kernel: [    0.809204] pci 0000:00:02.0: Video device with shadowed ROM at [mem 0x000c0000-0x000dffff]
May  1 14:03:02 dpoveda kernel: [    0.809643] pci 0000:00:03.0: [8086:100e] type 00 class 0x020000
May  1 14:03:02 dpoveda kernel: [    0.810429] pci 0000:00:03.0: reg 0x10: [mem 0xf0200000-0xf021ffff]
May  1 14:03:02 dpoveda kernel: [    0.811572] pci 0000:00:03.0: reg 0x18: [io  0xd020-0xd027]
May  1 14:03:02 dpoveda kernel: [    0.813683] pci 0000:00:04.0: [80ee:cafe] type 00 class 0x088000
May  1 14:03:02 dpoveda kernel: [    0.814204] pci 0000:00:04.0: reg 0x10: [io  0xd040-0xd05f]
May  1 14:03:02 dpoveda kernel: [    0.815206] pci 0000:00:04.0: reg 0x14: [mem 0xf0400000-0xf07fffff]
May  1 14:03:02 dpoveda kernel: [    0.816204] pci 0000:00:04.0: reg 0x18: [mem 0xf0800000-0xf0803fff pref]
May  1 14:03:02 dpoveda kernel: [    0.819204] pci 0000:00:05.0: [8086:2415] type 00 class 0x040100
May  1 14:03:02 dpoveda kernel: [    0.819495] pci 0000:00:05.0: reg 0x10: [io  0xd100-0xd1ff]
May  1 14:03:02 dpoveda kernel: [    0.820359] pci 0000:00:05.0: reg 0x14: [io  0xd200-0xd23f]
May  1 14:03:02 dpoveda kernel: [    0.821920] pci 0000:00:06.0: [106b:003f] type 00 class 0x0c0310
May  1 14:03:02 dpoveda kernel: [    0.822204] pci 0000:00:06.0: reg 0x10: [mem 0xf0804000-0xf0804fff]
May  1 14:03:02 dpoveda kernel: [    0.823204] pci 0000:00:07.0: [8086:7113] type 00 class 0x068000
May  1 14:03:02 dpoveda kernel: [    0.824204] pci 0000:00:07.0: quirk: [io  0x4000-0x403f] claimed by PIIX4 ACPI
May  1 14:03:02 dpoveda kernel: [    0.824224] pci 0000:00:07.0: quirk: [io  0x4100-0x410f] claimed by PIIX4 SMB
May  1 14:03:02 dpoveda kernel: [    0.826083] pci 0000:00:0d.0: [8086:2829] type 00 class 0x010601
May  1 14:03:02 dpoveda kernel: [    0.826206] pci 0000:00:0d.0: reg 0x10: [io  0xd240-0xd247]
May  1 14:03:02 dpoveda kernel: [    0.827204] pci 0000:00:0d.0: reg 0x14: [io  0xd248-0xd24b]
May  1 14:03:02 dpoveda kernel: [    0.827329] pci 0000:00:0d.0: reg 0x18: [io  0xd250-0xd257]
May  1 14:03:02 dpoveda kernel: [    0.827403] pci 0000:00:0d.0: reg 0x1c: [io  0xd258-0xd25b]
May  1 14:03:02 dpoveda kernel: [    0.829328] pci 0000:00:0d.0: reg 0x20: [io  0xd260-0xd26f]
May  1 14:03:02 dpoveda kernel: [    0.830204] pci 0000:00:0d.0: reg 0x24: [mem 0xf0806000-0xf0807fff]
May  1 14:03:02 dpoveda kernel: [    0.831061] ACPI: PCI: Interrupt link LNKA configured for IRQ 11
May  1 14:03:02 dpoveda kernel: [    0.832432] ACPI: PCI: Interrupt link LNKB configured for IRQ 10
May  1 14:03:02 dpoveda kernel: [    0.833204] ACPI: PCI: Interrupt link LNKC configured for IRQ 9
May  1 14:03:02 dpoveda kernel: [    0.833304] ACPI: PCI: Interrupt link LNKD configured for IRQ 11
May  1 14:03:02 dpoveda kernel: [    0.834391] iommu: Default domain type: Translated 
May  1 14:03:02 dpoveda kernel: [    0.835206] iommu: DMA domain TLB invalidation policy: lazy mode 
May  1 14:03:02 dpoveda kernel: [    0.836204] SCSI subsystem initialized
May  1 14:03:02 dpoveda kernel: [    0.836204] libata version 3.00 loaded.
May  1 14:03:02 dpoveda kernel: [    0.836204] ACPI: bus type USB registered
May  1 14:03:02 dpoveda kernel: [    0.837239] usbcore: registered new interface driver usbfs
May  1 14:03:02 dpoveda kernel: [    0.838233] usbcore: registered new interface driver hub
May  1 14:03:02 dpoveda kernel: [    0.839230] usbcore: registered new device driver usb
May  1 14:03:02 dpoveda kernel: [    0.840246] pps_core: LinuxPPS API ver. 1 registered
May  1 14:03:02 dpoveda kernel: [    0.841204] pps_core: Software ver. 5.3.6 - Copyright 2005-2007 Rodolfo Giometti <giometti@linux.it>
May  1 14:03:02 dpoveda kernel: [    0.841210] PTP clock support registered
May  1 14:03:02 dpoveda kernel: [    0.842324] Advanced Linux Sound Architecture Driver Initialized.
May  1 14:03:02 dpoveda kernel: [    0.843204] NetLabel: Initializing
May  1 14:03:02 dpoveda kernel: [    0.843206] NetLabel:  domain hash size = 128
May  1 14:03:02 dpoveda kernel: [    0.844206] NetLabel:  protocols = UNLABELED CIPSOv4 CALIPSO
May  1 14:03:02 dpoveda kernel: [    0.845221] NetLabel:  unlabeled traffic allowed by default
May  1 14:03:02 dpoveda kernel: [    0.846204] PCI: Using ACPI for IRQ routing
May  1 14:03:02 dpoveda kernel: [    0.846207] PCI: pci_cache_line_size set to 64 bytes
May  1 14:03:02 dpoveda kernel: [    0.846712] e820: reserve RAM buffer [mem 0x0009fc00-0x0009ffff]
May  1 14:03:02 dpoveda kernel: [    0.846715] e820: reserve RAM buffer [mem 0xdfff0000-0xdfffffff]
May  1 14:03:02 dpoveda kernel: [    0.847270] pci 0000:00:02.0: vgaarb: setting as boot VGA device
May  1 14:03:02 dpoveda kernel: [    0.848204] pci 0000:00:02.0: vgaarb: bridge control possible
May  1 14:03:02 dpoveda kernel: [    0.848204] pci 0000:00:02.0: vgaarb: VGA device added: decodes=io+mem,owns=io+mem,locks=none
May  1 14:03:02 dpoveda kernel: [    0.850208] vgaarb: loaded
May  1 14:03:02 dpoveda kernel: [    0.851665] clocksource: Switched to clocksource kvm-clock
May  1 14:03:02 dpoveda kernel: [    0.855755] VFS: Disk quotas dquot_6.6.0
May  1 14:03:02 dpoveda kernel: [    0.857828] VFS: Dquot-cache hash table entries: 512 (order 0, 4096 bytes)
May  1 14:03:02 dpoveda kernel: [    0.859806] pnp: PnP ACPI init
May  1 14:03:02 dpoveda kernel: [    0.861957] pnp: PnP ACPI: found 2 devices
May  1 14:03:02 dpoveda kernel: [    0.915733] clocksource: acpi_pm: mask: 0xffffff max_cycles: 0xffffff, max_idle_ns: 2085701024 ns
May  1 14:03:02 dpoveda kernel: [    0.919416] NET: Registered PF_INET protocol family
May  1 14:03:02 dpoveda kernel: [    0.920350] IP idents hash table entries: 65536 (order: 7, 524288 bytes, linear)
May  1 14:03:02 dpoveda kernel: [    0.920350] tcp_listen_portaddr_hash hash table entries: 2048 (order: 3, 32768 bytes, linear)
May  1 14:03:02 dpoveda kernel: [    0.920350] Table-perturb hash table entries: 65536 (order: 6, 262144 bytes, linear)
May  1 14:03:02 dpoveda kernel: [    0.920350] TCP established hash table entries: 32768 (order: 6, 262144 bytes, linear)
May  1 14:03:02 dpoveda kernel: [    0.920350] TCP bind hash table entries: 32768 (order: 8, 1048576 bytes, linear)
May  1 14:03:02 dpoveda kernel: [    0.920350] TCP: Hash tables configured (established 32768 bind 32768)
May  1 14:03:02 dpoveda kernel: [    0.920350] UDP hash table entries: 2048 (order: 4, 65536 bytes, linear)
May  1 14:03:02 dpoveda kernel: [    0.920350] UDP-Lite hash table entries: 2048 (order: 4, 65536 bytes, linear)
May  1 14:03:02 dpoveda kernel: [    0.920350] NET: Registered PF_UNIX/PF_LOCAL protocol family
May  1 14:03:02 dpoveda kernel: [    0.947392] RPC: Registered named UNIX socket transport module.
May  1 14:03:02 dpoveda kernel: [    0.948316] RPC: Registered udp transport module.
May  1 14:03:02 dpoveda kernel: [    0.948316] RPC: Registered tcp transport module.
May  1 14:03:02 dpoveda kernel: [    0.948316] RPC: Registered tcp NFSv4.1 backchannel transport module.
May  1 14:03:02 dpoveda kernel: [    0.954837] pci_bus 0000:00: resource 4 [io  0x0000-0x0cf7 window]
May  1 14:03:02 dpoveda kernel: [    0.956767] pci_bus 0000:00: resource 5 [io  0x0d00-0xffff window]
May  1 14:03:02 dpoveda kernel: [    0.957682] pci_bus 0000:00: resource 6 [mem 0x000a0000-0x000bffff window]
May  1 14:03:02 dpoveda kernel: [    0.957682] pci_bus 0000:00: resource 7 [mem 0xe0000000-0xfdffffff window]
May  1 14:03:02 dpoveda kernel: [    0.957682] pci 0000:00:00.0: Limiting direct PCI/PCI transfers
May  1 14:03:02 dpoveda kernel: [    0.957682] PCI: CLS 0 bytes, default 64
May  1 14:03:02 dpoveda kernel: [    0.957682] PCI-DMA: Using software bounce buffering for IO (SWIOTLB)
May  1 14:03:02 dpoveda kernel: [    0.969417] software IO TLB: mapped [mem 0x00000000dbff0000-0x00000000dfff0000] (64MB)
May  1 14:03:02 dpoveda kernel: [    0.971571] platform rtc_cmos: registered platform RTC device (no PNP device found)
May  1 14:03:02 dpoveda kernel: [    0.984185] Initialise system trusted keyrings
May  1 14:03:02 dpoveda kernel: [    0.986717] workingset: timestamp_bits=56 max_order=20 bucket_order=0
May  1 14:03:02 dpoveda kernel: [    0.991892] NFS: Registering the id_resolver key type
May  1 14:03:02 dpoveda kernel: [    0.993746] Key type id_resolver registered
May  1 14:03:02 dpoveda kernel: [    0.995274] Key type id_legacy registered
May  1 14:03:02 dpoveda kernel: [    0.996759] 9p: Installing v9fs 9p2000 file system support
May  1 14:03:02 dpoveda kernel: [    1.002278] Key type asymmetric registered
May  1 14:03:02 dpoveda kernel: [    1.002278] Asymmetric key parser 'x509' registered
May  1 14:03:02 dpoveda kernel: [    1.002278] Block layer SCSI generic (bsg) driver version 0.4 loaded (major 251)
May  1 14:03:02 dpoveda kernel: [    1.002278] io scheduler mq-deadline registered
May  1 14:03:02 dpoveda kernel: [    1.002278] io scheduler kyber registered
May  1 14:03:02 dpoveda kernel: [    1.015713] ACPI: AC: AC Adapter [AC] (on-line)
May  1 14:03:02 dpoveda kernel: [    1.016372] input: Power Button as /devices/LNXSYSTM:00/LNXPWRBN:00/input/input0
May  1 14:03:02 dpoveda kernel: [    1.019625] ACPI: button: Power Button [PWRF]
May  1 14:03:02 dpoveda kernel: [    1.020473] input: Sleep Button as /devices/LNXSYSTM:00/LNXSLPBN:00/input/input1
May  1 14:03:02 dpoveda kernel: [    1.020473] ACPI: button: Sleep Button [SLPF]
May  1 14:03:02 dpoveda kernel: [    1.020473] ACPI: video: Video Device [GFX0] (multi-head: yes  rom: no  post: no)
May  1 14:03:02 dpoveda kernel: [    1.026935] input: Video Bus as /devices/LNXSYSTM:00/LNXSYBUS:00/PNP0A03:00/LNXVIDEO:00/input/input2
May  1 14:03:02 dpoveda kernel: [    1.031819] Serial: 8250/16550 driver, 4 ports, IRQ sharing enabled
May  1 14:03:02 dpoveda kernel: [    1.036830] Non-volatile memory driver v1.3
May  1 14:03:02 dpoveda kernel: [    1.037686] Linux agpgart interface v0.103
May  1 14:03:02 dpoveda kernel: [    1.037686] ACPI: bus type drm_connector registered
May  1 14:03:02 dpoveda kernel: [    1.050714] loop: module loaded
May  1 14:03:02 dpoveda kernel: [    1.051375] ahci 0000:00:0d.0: version 3.0
May  1 14:03:02 dpoveda kernel: [    1.051375] ahci 0000:00:0d.0: SSS flag set, parallel bus scan disabled
May  1 14:03:02 dpoveda kernel: [    1.051375] ahci 0000:00:0d.0: AHCI 0001.0100 32 slots 1 ports 3 Gbps 0x1 impl SATA mode
May  1 14:03:02 dpoveda kernel: [    1.051375] ahci 0000:00:0d.0: flags: 64bit ncq stag only ccc 
May  1 14:03:02 dpoveda kernel: [    1.060785] scsi host0: ahci
May  1 14:03:02 dpoveda kernel: [    1.061889] ata1: SATA max UDMA/133 abar m8192@0xf0806000 port 0xf0806100 irq 21
May  1 14:03:02 dpoveda kernel: [    1.064679] ata_piix 0000:00:01.1: version 2.13
May  1 14:03:02 dpoveda kernel: [    1.068018] scsi host1: ata_piix
May  1 14:03:02 dpoveda kernel: [    1.071593] scsi host2: ata_piix
May  1 14:03:02 dpoveda kernel: [    1.072364] ata2: PATA max UDMA/33 cmd 0x1f0 ctl 0x3f6 bmdma 0xd000 irq 14
May  1 14:03:02 dpoveda kernel: [    1.072364] ata3: PATA max UDMA/33 cmd 0x170 ctl 0x376 bmdma 0xd008 irq 15
May  1 14:03:02 dpoveda kernel: [    1.077343] e100: Intel(R) PRO/100 Network Driver
May  1 14:03:02 dpoveda kernel: [    1.085928] e100: Copyright(c) 1999-2006 Intel Corporation
May  1 14:03:02 dpoveda kernel: [    1.087758] e1000: Intel(R) PRO/1000 Network Driver
May  1 14:03:02 dpoveda kernel: [    1.088668] e1000: Copyright (c) 1999-2006 Intel Corporation.
May  1 14:03:02 dpoveda kernel: [    1.719359] e1000 0000:00:03.0 eth0: (PCI:33MHz:32-bit) 08:00:27:1f:fb:e3
May  1 14:03:02 dpoveda kernel: [    1.719359] e1000 0000:00:03.0 eth0: Intel(R) PRO/1000 Network Connection
May  1 14:03:02 dpoveda kernel: [    1.719359] e1000e: Intel(R) PRO/1000 Network Driver
May  1 14:03:02 dpoveda kernel: [    1.755432] e1000e: Copyright(c) 1999 - 2015 Intel Corporation.
May  1 14:03:02 dpoveda kernel: [    1.758160] sky2: driver version 1.30
May  1 14:03:02 dpoveda kernel: [    1.762260] ohci-pci 0000:00:06.0: OHCI PCI host controller
May  1 14:03:02 dpoveda kernel: [    1.765707] ohci-pci 0000:00:06.0: new USB bus registered, assigned bus number 1
May  1 14:03:02 dpoveda kernel: [    1.768180] ohci-pci 0000:00:06.0: irq 22, io mem 0xf0804000
May  1 14:03:02 dpoveda kernel: [    1.777598] ata3.00: ATAPI: VBOX CD-ROM, 1.0, max UDMA/133
May  1 14:03:02 dpoveda kernel: [    1.821508] usb usb1: New USB device found, idVendor=1d6b, idProduct=0001, bcdDevice= 6.01
May  1 14:03:02 dpoveda kernel: [    1.822281] usb usb1: New USB device strings: Mfr=3, Product=2, SerialNumber=1
May  1 14:03:02 dpoveda kernel: [    1.822281] usb usb1: Product: OHCI PCI host controller
May  1 14:03:02 dpoveda kernel: [    1.822281] usb usb1: Manufacturer: Linux 6.1.11-dpoveda ohci_hcd
May  1 14:03:02 dpoveda kernel: [    1.828590] usb usb1: SerialNumber: 0000:00:06.0
May  1 14:03:02 dpoveda kernel: [    1.831301] hub 1-0:1.0: USB hub found
May  1 14:03:02 dpoveda kernel: [    1.832560] hub 1-0:1.0: 12 ports detected
May  1 14:03:02 dpoveda kernel: [    1.833498] usbcore: registered new interface driver usblp
May  1 14:03:02 dpoveda kernel: [    1.837445] usbcore: registered new interface driver usb-storage
May  1 14:03:02 dpoveda kernel: [    1.839112] i8042: PNP: PS/2 Controller [PNP0303:PS2K,PNP0f03:PS2M] at 0x60,0x64 irq 1,12
May  1 14:03:02 dpoveda kernel: [    1.846699] serio: i8042 KBD port at 0x60,0x64 irq 1
May  1 14:03:02 dpoveda kernel: [    1.849233] serio: i8042 AUX port at 0x60,0x64 irq 12
May  1 14:03:02 dpoveda kernel: [    1.856437] input: AT Translated Set 2 keyboard as /devices/platform/i8042/serio0/input/input3
May  1 14:03:02 dpoveda kernel: [    1.859020] ata1: SATA link up 3.0 Gbps (SStatus 123 SControl 300)
May  1 14:03:02 dpoveda kernel: [    1.860108] rtc_cmos rtc_cmos: registered as rtc0
May  1 14:03:02 dpoveda kernel: [    1.862456] ata1.00: ATA-6: VBOX HARDDISK, 1.0, max UDMA/133
May  1 14:03:02 dpoveda kernel: [    1.863557] rtc_cmos rtc_cmos: alarms up to one day, 114 bytes nvram
May  1 14:03:02 dpoveda kernel: [    1.865544] ata1.00: 104857600 sectors, multi 128: LBA48 NCQ (depth 32)
May  1 14:03:02 dpoveda kernel: [    1.867690] fail to initialize ptp_kvm
May  1 14:03:02 dpoveda kernel: [    1.870985] device-mapper: ioctl: 4.47.0-ioctl (2022-07-28) initialised: dm-devel@redhat.com
May  1 14:03:02 dpoveda kernel: [    1.871160] ata1.00: configured for UDMA/133
May  1 14:03:02 dpoveda kernel: [    1.872475] hid: raw HID events driver (C) Jiri Kosina
May  1 14:03:02 dpoveda kernel: [    1.877486] scsi 0:0:0:0: Direct-Access     ATA      VBOX HARDDISK    1.0  PQ: 0 ANSI: 5
May  1 14:03:02 dpoveda kernel: [    1.884484] usbcore: registered new interface driver usbhid
May  1 14:03:02 dpoveda kernel: [    1.886083] scsi 0:0:0:0: Attached scsi generic sg0 type 0
May  1 14:03:02 dpoveda kernel: [    1.886929] usbhid: USB HID core driver
May  1 14:03:02 dpoveda kernel: [    1.887040] sd 0:0:0:0: [sda] 104857600 512-byte logical blocks: (53.7 GB/50.0 GiB)
May  1 14:03:02 dpoveda kernel: [    1.887049] sd 0:0:0:0: [sda] Write Protect is off
May  1 14:03:02 dpoveda kernel: [    1.887051] sd 0:0:0:0: [sda] Mode Sense: 00 3a 00 00
May  1 14:03:02 dpoveda kernel: [    1.887061] sd 0:0:0:0: [sda] Write cache: enabled, read cache: enabled, doesn't support DPO or FUA
May  1 14:03:02 dpoveda kernel: [    1.887075] sd 0:0:0:0: [sda] Preferred minimum I/O size 512 bytes
May  1 14:03:02 dpoveda kernel: [    1.892578] scsi 2:0:0:0: CD-ROM            VBOX     CD-ROM           1.0  PQ: 0 ANSI: 5
May  1 14:03:02 dpoveda kernel: [    1.900818] Initializing XFRM netlink socket
May  1 14:03:02 dpoveda kernel: [    1.913554]  sda: sda1 sda2 sda3 sda4 sda5
May  1 14:03:02 dpoveda kernel: [    1.913631] NET: Registered PF_INET6 protocol family
May  1 14:03:02 dpoveda kernel: [    1.920143] sd 0:0:0:0: [sda] Attached SCSI disk
May  1 14:03:02 dpoveda kernel: [    1.921998] Segment Routing with IPv6
May  1 14:03:02 dpoveda kernel: [    1.924426] In-situ OAM (IOAM) with IPv6
May  1 14:03:02 dpoveda kernel: [    1.925315] sit: IPv6, IPv4 and MPLS over IPv4 tunneling driver
May  1 14:03:02 dpoveda kernel: [    1.925315] NET: Registered PF_PACKET protocol family
May  1 14:03:02 dpoveda kernel: [    1.925315] 9pnet: Installing 9P2000 support
May  1 14:03:02 dpoveda kernel: [    1.925315] Key type dns_resolver registered
May  1 14:03:02 dpoveda kernel: [    1.933891] IPI shorthand broadcast: enabled
May  1 14:03:02 dpoveda kernel: [    1.934597] sched_clock: Marking stable (1692683202, 240914397)->(2130792293, -197194694)
May  1 14:03:02 dpoveda kernel: [    1.941249] registered taskstats version 1
May  1 14:03:02 dpoveda kernel: [    1.942823] Loading compiled-in X.509 certificates
May  1 14:03:02 dpoveda kernel: [    1.946553] cryptomgr_test (66) used greatest stack depth: 15520 bytes left
May  1 14:03:02 dpoveda kernel: [    1.950096] cryptomgr_test (68) used greatest stack depth: 15104 bytes left
May  1 14:03:02 dpoveda kernel: [    1.955935] sr 2:0:0:0: [sr0] scsi3-mmc drive: 32x/32x xa/form2 tray
May  1 14:03:02 dpoveda kernel: [    1.958378] cdrom: Uniform CD-ROM driver Revision: 3.20
May  1 14:03:02 dpoveda kernel: [    1.965316] PM:   Magic number: 7:301:25
May  1 14:03:02 dpoveda kernel: [    1.967335] printk: console [netcon0] enabled
May  1 14:03:02 dpoveda kernel: [    1.968950] netconsole: network logging started
May  1 14:03:02 dpoveda kernel: [    1.971384] cfg80211: Loading compiled-in X.509 certificates for regulatory database
May  1 14:03:02 dpoveda kernel: [    1.974907] kworker/u8:3 (90) used greatest stack depth: 14712 bytes left
May  1 14:03:02 dpoveda kernel: [    1.978563] cryptomgr_probe (92) used greatest stack depth: 14472 bytes left
May  1 14:03:02 dpoveda kernel: [    1.978769] cfg80211: Loaded X.509 cert 'sforshee: 00b28ddf47aef9cea7'
May  1 14:03:02 dpoveda kernel: [    1.983152] platform regulatory.0: Direct firmware load for regulatory.db failed with error -2
May  1 14:03:02 dpoveda kernel: [    1.985488] cfg80211: failed to load regulatory.db
May  1 14:03:02 dpoveda kernel: [    1.985545] ALSA device list:
May  1 14:03:02 dpoveda kernel: [    1.988792]   No soundcards found.
May  1 14:03:02 dpoveda kernel: [    1.989364] sr 2:0:0:0: Attached scsi CD-ROM sr0
May  1 14:03:02 dpoveda kernel: [    1.990639] sr 2:0:0:0: Attached scsi generic sg1 type 5
May  1 14:03:02 dpoveda kernel: [    2.077802] input: ImExPS/2 Generic Explorer Mouse as /devices/platform/i8042/serio1/input/input5
May  1 14:03:02 dpoveda kernel: [    2.082469] md: Waiting for all devices to be available before autodetect
May  1 14:03:02 dpoveda kernel: [    2.084287] md: If you don't use raid, use raid=noautodetect
May  1 14:03:02 dpoveda kernel: [    2.085783] md: Autodetecting RAID arrays.
May  1 14:03:02 dpoveda kernel: [    2.086797] md: autorun ...
May  1 14:03:02 dpoveda kernel: [    2.087508] md: ... autorun DONE.
May  1 14:03:02 dpoveda kernel: [    2.099318] EXT4-fs (sda3): mounted filesystem with ordered data mode. Quota mode: none.
May  1 14:03:02 dpoveda kernel: [    2.101763] VFS: Mounted root (ext4 filesystem) readonly on device 8:3.
May  1 14:03:02 dpoveda kernel: [    2.106564] devtmpfs: mounted
May  1 14:03:02 dpoveda kernel: [    2.108080] Freeing unused kernel image (initmem) memory: 1528K
May  1 14:03:02 dpoveda kernel: [    2.109771] Write protecting the kernel read-only data: 24576k
May  1 14:03:02 dpoveda kernel: [    2.112773] Freeing unused kernel image (text/rodata gap) memory: 2032K
May  1 14:03:02 dpoveda kernel: [    2.114961] Freeing unused kernel image (rodata/data gap) memory: 1324K
May  1 14:03:02 dpoveda kernel: [    2.142580] x86/mm: Checked W+X mappings: passed, no W+X pages found.
May  1 14:03:02 dpoveda kernel: [    2.144138] Run /sbin/init as init process
May  1 14:03:02 dpoveda kernel: [    2.145213]   with arguments:
May  1 14:03:02 dpoveda kernel: [    2.145213]     /sbin/init
May  1 14:03:02 dpoveda kernel: [    2.145214]   with environment:
May  1 14:03:02 dpoveda kernel: [    2.145214]     HOME=/
May  1 14:03:02 dpoveda kernel: [    2.145215]     TERM=linux
May  1 14:03:02 dpoveda kernel: [    2.145215]     BOOT_IMAGE=/vmlinuz-6.1.11-dpoveda
May  1 14:03:02 dpoveda kernel: [    2.145787] usb 1-1: new full-speed USB device number 2 using ohci-pci
May  1 14:03:02 dpoveda kernel: [    2.230195] stty (100) used greatest stack depth: 12872 bytes left
May  1 14:03:02 dpoveda kernel: [    2.401360] usb 1-1: New USB device found, idVendor=80ee, idProduct=0021, bcdDevice= 1.00
May  1 14:03:02 dpoveda kernel: [    2.403774] usb 1-1: New USB device strings: Mfr=1, Product=3, SerialNumber=0
May  1 14:03:02 dpoveda kernel: [    2.406850] usb 1-1: Product: USB Tablet
May  1 14:03:02 dpoveda kernel: [    2.408483] usb 1-1: Manufacturer: VirtualBox
May  1 14:03:02 dpoveda kernel: [    2.428034] input: VirtualBox USB Tablet as /devices/pci0000:00/0000:00:06.0/usb1/1-1/1-1:1.0/0003:80EE:0021.0001/input/input6
May  1 14:03:02 dpoveda kernel: [    2.431649] hid-generic 0003:80EE:0021.0001: input,hidraw0: USB HID v1.10 Mouse [VirtualBox USB Tablet] on usb-0000:00:06.0-1/input0
May  1 14:03:02 dpoveda kernel: <30>[    2.442087] udevd[183]: starting version 3.2.11
May  1 14:03:02 dpoveda kernel: [    8.920809] random: crng init done
May  1 14:03:02 dpoveda kernel: <30>[    8.967538] udevd[184]: starting eudev-3.2.11
May  1 14:03:02 dpoveda kernel: [    9.145854] e1000 0000:00:03.0 enp0s3: renamed from eth0
May  1 14:03:02 dpoveda kernel: [   13.582090] Adding 4194300k swap on /dev/sda5.  Priority:1 extents:1 across:4194300k 
May  1 14:03:02 dpoveda kernel: [   13.602608] EXT4-fs (sda3): re-mounted. Quota mode: none.
May  1 14:03:02 dpoveda kernel: [   13.679963] EXT4-fs (sda3): re-mounted. Quota mode: none.
May  1 14:03:02 dpoveda kernel: [   13.699622] EXT4-fs (sda2): mounting ext2 file system using the ext4 subsystem
May  1 14:03:02 dpoveda kernel: [   13.704400] EXT4-fs (sda2): mounted filesystem without journal. Quota mode: none.
May  1 14:03:02 dpoveda kernel: [   13.713089] EXT4-fs (sda4): mounted filesystem with ordered data mode. Quota mode: none.
May  1 14:03:02 dpoveda kernel: [   14.480590] rc (99) used greatest stack depth: 12824 bytes left
May  1 14:03:02 dpoveda kernel: [   14.647043] e1000: enp0s3 NIC Link is Up 1000 Mbps Full Duplex, Flow Control: RX
May  1 14:03:02 dpoveda kernel: [   14.652653] IPv6: ADDRCONF(NETDEV_CHANGE): enp0s3: link becomes ready
May  1 14:03:20 dpoveda shutdown[481]: shutting down for system halt
May  1 14:03:20 dpoveda init: Switching to runlevel: 0
May  1 14:03:31 dpoveda kernel: Kernel logging (proc) stopped.
May  1 14:03:31 dpoveda kernel: Kernel log daemon terminating.
May  1 14:03:33 dpoveda exiting on signal 15
May  1 14:47:03 dpoveda syslogd 1.5.1: restart.
May  1 14:47:03 dpoveda kernel: klogd 1.5.1, log source = /proc/kmsg started.
May  1 14:47:03 dpoveda kernel: Cannot find map file.
May  1 14:47:03 dpoveda kernel: Loaded 106680 symbols from 1 module.
May  1 14:47:03 dpoveda kernel: [    0.000000] Linux version 6.1.11-dpoveda (root@debian) (gcc (GCC) 12.2.0, GNU ld (GNU Binutils) 2.40) #1 SMP PREEMPT_DYNAMIC Mon May  1 13:25:56 CEST 2023
May  1 14:47:03 dpoveda kernel: [    0.000000] Command line: BOOT_IMAGE=/vmlinuz-6.1.11-dpoveda root=/dev/sda3 ro
May  1 14:47:03 dpoveda kernel: [    0.000000] [Firmware Bug]: TSC doesn't count with P0 frequency!
May  1 14:47:03 dpoveda kernel: [    0.000000] x86/fpu: x87 FPU will use FXSAVE
May  1 14:47:03 dpoveda kernel: [    0.000000] signal: max sigframe size: 1440
May  1 14:47:03 dpoveda kernel: [    0.000000] BIOS-provided physical RAM map:
May  1 14:47:03 dpoveda kernel: [    0.000000] BIOS-e820: [mem 0x0000000000000000-0x000000000009fbff] usable
May  1 14:47:03 dpoveda kernel: [    0.000000] BIOS-e820: [mem 0x000000000009fc00-0x000000000009ffff] reserved
May  1 14:47:03 dpoveda kernel: [    0.000000] BIOS-e820: [mem 0x00000000000f0000-0x00000000000fffff] reserved
May  1 14:47:03 dpoveda kernel: [    0.000000] BIOS-e820: [mem 0x0000000000100000-0x00000000dffeffff] usable
May  1 14:47:03 dpoveda kernel: [    0.000000] BIOS-e820: [mem 0x00000000dfff0000-0x00000000dfffffff] ACPI data
May  1 14:47:03 dpoveda kernel: [    0.000000] BIOS-e820: [mem 0x00000000fec00000-0x00000000fec00fff] reserved
May  1 14:47:03 dpoveda kernel: [    0.000000] BIOS-e820: [mem 0x00000000fee00000-0x00000000fee00fff] reserved
May  1 14:47:03 dpoveda kernel: [    0.000000] BIOS-e820: [mem 0x00000000fffc0000-0x00000000ffffffff] reserved
May  1 14:47:03 dpoveda kernel: [    0.000000] BIOS-e820: [mem 0x0000000100000000-0x000000011fffffff] usable
May  1 14:47:03 dpoveda kernel: [    0.000000] NX (Execute Disable) protection: active
May  1 14:47:03 dpoveda kernel: [    0.000000] SMBIOS 2.5 present.
May  1 14:47:03 dpoveda kernel: [    0.000000] DMI: innotek GmbH VirtualBox/VirtualBox, BIOS VirtualBox 12/01/2006
May  1 14:47:03 dpoveda kernel: [    0.000000] Hypervisor detected: KVM
May  1 14:47:03 dpoveda kernel: [    0.000000] kvm-clock: Using msrs 4b564d01 and 4b564d00
May  1 14:47:03 dpoveda kernel: [    0.000001] kvm-clock: using sched offset of 8378221725 cycles
May  1 14:47:03 dpoveda kernel: [    0.000004] clocksource: kvm-clock: mask: 0xffffffffffffffff max_cycles: 0x1cd42e4dffb, max_idle_ns: 881590591483 ns
May  1 14:47:03 dpoveda kernel: [    0.000006] tsc: Detected 3693.104 MHz processor
May  1 14:47:03 dpoveda kernel: [    0.002987] e820: update [mem 0x00000000-0x00000fff] usable ==> reserved
May  1 14:47:03 dpoveda kernel: [    0.002991] e820: remove [mem 0x000a0000-0x000fffff] usable
May  1 14:47:03 dpoveda kernel: [    0.002995] last_pfn = 0x120000 max_arch_pfn = 0x400000000
May  1 14:47:03 dpoveda kernel: [    0.003054] Disabled
May  1 14:47:03 dpoveda kernel: [    0.003055] x86/PAT: MTRRs disabled, skipping PAT initialization too.
May  1 14:47:03 dpoveda kernel: [    0.003064] CPU MTRRs all blank - virtualized system.
May  1 14:47:03 dpoveda kernel: [    0.003067] x86/PAT: Configuration [0-7]: WB  WT  UC- UC  WB  WT  UC- UC  
May  1 14:47:03 dpoveda kernel: [    0.003069] last_pfn = 0xdfff0 max_arch_pfn = 0x400000000
May  1 14:47:03 dpoveda kernel: [    0.003088] found SMP MP-table at [mem 0x0009fff0-0x0009ffff]
May  1 14:47:03 dpoveda kernel: [    0.003349] ACPI: Early table checksum verification disabled
May  1 14:47:03 dpoveda kernel: [    0.003353] ACPI: RSDP 0x00000000000E0000 000024 (v02 VBOX  )
May  1 14:47:03 dpoveda kernel: [    0.003373] ACPI: XSDT 0x00000000DFFF0030 00003C (v01 VBOX   VBOXXSDT 00000001 ASL  00000061)
May  1 14:47:03 dpoveda kernel: [    0.003379] ACPI: FACP 0x00000000DFFF00F0 0000F4 (v04 VBOX   VBOXFACP 00000001 ASL  00000061)
May  1 14:47:03 dpoveda kernel: [    0.003384] ACPI: DSDT 0x00000000DFFF0480 002325 (v02 VBOX   VBOXBIOS 00000002 INTL 20100528)
May  1 14:47:03 dpoveda kernel: [    0.003386] ACPI: FACS 0x00000000DFFF0200 000040
May  1 14:47:03 dpoveda kernel: [    0.003388] ACPI: FACS 0x00000000DFFF0200 000040
May  1 14:47:03 dpoveda kernel: [    0.003390] ACPI: APIC 0x00000000DFFF0240 00006C (v02 VBOX   VBOXAPIC 00000001 ASL  00000061)
May  1 14:47:03 dpoveda kernel: [    0.003393] ACPI: SSDT 0x00000000DFFF02B0 0001CC (v01 VBOX   VBOXCPUT 00000002 INTL 20100528)
May  1 14:47:03 dpoveda kernel: [    0.003395] ACPI: Reserving FACP table memory at [mem 0xdfff00f0-0xdfff01e3]
May  1 14:47:03 dpoveda kernel: [    0.003397] ACPI: Reserving DSDT table memory at [mem 0xdfff0480-0xdfff27a4]
May  1 14:47:03 dpoveda kernel: [    0.003398] ACPI: Reserving FACS table memory at [mem 0xdfff0200-0xdfff023f]
May  1 14:47:03 dpoveda kernel: [    0.003398] ACPI: Reserving FACS table memory at [mem 0xdfff0200-0xdfff023f]
May  1 14:47:03 dpoveda kernel: [    0.003399] ACPI: Reserving APIC table memory at [mem 0xdfff0240-0xdfff02ab]
May  1 14:47:03 dpoveda kernel: [    0.003400] ACPI: Reserving SSDT table memory at [mem 0xdfff02b0-0xdfff047b]
May  1 14:47:03 dpoveda kernel: [    0.004404] No NUMA configuration found
May  1 14:47:03 dpoveda kernel: [    0.004406] Faking a node at [mem 0x0000000000000000-0x000000011fffffff]
May  1 14:47:03 dpoveda kernel: [    0.004409] NODE_DATA(0) allocated [mem 0x11fff8000-0x11fffbfff]
May  1 14:47:03 dpoveda kernel: [    0.004604] Zone ranges:
May  1 14:47:03 dpoveda kernel: [    0.004605]   DMA      [mem 0x0000000000001000-0x0000000000ffffff]
May  1 14:47:03 dpoveda kernel: [    0.004607]   DMA32    [mem 0x0000000001000000-0x00000000ffffffff]
May  1 14:47:03 dpoveda kernel: [    0.004609]   Normal   [mem 0x0000000100000000-0x000000011fffffff]
May  1 14:47:03 dpoveda kernel: [    0.004610] Movable zone start for each node
May  1 14:47:03 dpoveda kernel: [    0.004610] Early memory node ranges
May  1 14:47:03 dpoveda kernel: [    0.004611]   node   0: [mem 0x0000000000001000-0x000000000009efff]
May  1 14:47:03 dpoveda kernel: [    0.004612]   node   0: [mem 0x0000000000100000-0x00000000dffeffff]
May  1 14:47:03 dpoveda kernel: [    0.004613]   node   0: [mem 0x0000000100000000-0x000000011fffffff]
May  1 14:47:03 dpoveda kernel: [    0.004614] Initmem setup node 0 [mem 0x0000000000001000-0x000000011fffffff]
May  1 14:47:03 dpoveda kernel: [    0.004661] On node 0, zone DMA: 1 pages in unavailable ranges
May  1 14:47:03 dpoveda kernel: [    0.005539] On node 0, zone DMA: 97 pages in unavailable ranges
May  1 14:47:03 dpoveda kernel: [    0.147575] On node 0, zone Normal: 16 pages in unavailable ranges
May  1 14:47:03 dpoveda kernel: [    0.148834] ACPI: PM-Timer IO Port: 0x4008
May  1 14:47:03 dpoveda kernel: [    0.149061] IOAPIC[0]: apic_id 4, version 32, address 0xfec00000, GSI 0-23
May  1 14:47:03 dpoveda kernel: [    0.149065] ACPI: INT_SRC_OVR (bus 0 bus_irq 0 global_irq 2 dfl dfl)
May  1 14:47:03 dpoveda kernel: [    0.149067] ACPI: INT_SRC_OVR (bus 0 bus_irq 9 global_irq 9 low level)
May  1 14:47:03 dpoveda kernel: [    0.149069] ACPI: Using ACPI (MADT) for SMP configuration information
May  1 14:47:03 dpoveda kernel: [    0.149090] smpboot: Allowing 4 CPUs, 0 hotplug CPUs
May  1 14:47:03 dpoveda kernel: [    0.149154] PM: hibernation: Registered nosave memory: [mem 0x00000000-0x00000fff]
May  1 14:47:03 dpoveda kernel: [    0.149155] PM: hibernation: Registered nosave memory: [mem 0x0009f000-0x0009ffff]
May  1 14:47:03 dpoveda kernel: [    0.149156] PM: hibernation: Registered nosave memory: [mem 0x000a0000-0x000effff]
May  1 14:47:03 dpoveda kernel: [    0.149156] PM: hibernation: Registered nosave memory: [mem 0x000f0000-0x000fffff]
May  1 14:47:03 dpoveda kernel: [    0.149157] PM: hibernation: Registered nosave memory: [mem 0xdfff0000-0xdfffffff]
May  1 14:47:03 dpoveda kernel: [    0.149158] PM: hibernation: Registered nosave memory: [mem 0xe0000000-0xfebfffff]
May  1 14:47:03 dpoveda kernel: [    0.149158] PM: hibernation: Registered nosave memory: [mem 0xfec00000-0xfec00fff]
May  1 14:47:03 dpoveda kernel: [    0.149158] PM: hibernation: Registered nosave memory: [mem 0xfec01000-0xfedfffff]
May  1 14:47:03 dpoveda kernel: [    0.149158] PM: hibernation: Registered nosave memory: [mem 0xfee00000-0xfee00fff]
May  1 14:47:03 dpoveda kernel: [    0.149159] PM: hibernation: Registered nosave memory: [mem 0xfee01000-0xfffbffff]
May  1 14:47:03 dpoveda kernel: [    0.149159] PM: hibernation: Registered nosave memory: [mem 0xfffc0000-0xffffffff]
May  1 14:47:03 dpoveda kernel: [    0.149160] [mem 0xe0000000-0xfebfffff] available for PCI devices
May  1 14:47:03 dpoveda kernel: [    0.149161] Booting paravirtualized kernel on KVM
May  1 14:47:03 dpoveda kernel: [    0.149163] clocksource: refined-jiffies: mask: 0xffffffff max_cycles: 0xffffffff, max_idle_ns: 1910969940391419 ns
May  1 14:47:03 dpoveda kernel: [    0.152518] setup_percpu: NR_CPUS:64 nr_cpumask_bits:4 nr_cpu_ids:4 nr_node_ids:1
May  1 14:47:03 dpoveda kernel: [    0.156999] percpu: Embedded 53 pages/cpu s176296 r8192 d32600 u524288
May  1 14:47:03 dpoveda kernel: [    0.157003] pcpu-alloc: s176296 r8192 d32600 u524288 alloc=1*2097152
May  1 14:47:03 dpoveda kernel: [    0.157005] pcpu-alloc: [0] 0 1 2 3 
May  1 14:47:03 dpoveda kernel: [    0.157052] Fallback order for Node 0: 0 
May  1 14:47:03 dpoveda kernel: [    0.157054] Built 1 zonelists, mobility grouping on.  Total pages: 1031920
May  1 14:47:03 dpoveda kernel: [    0.157055] Policy zone: Normal
May  1 14:47:03 dpoveda kernel: [    0.157056] Kernel command line: BOOT_IMAGE=/vmlinuz-6.1.11-dpoveda root=/dev/sda3 ro
May  1 14:47:03 dpoveda kernel: [    0.157080] Unknown kernel command line parameters "BOOT_IMAGE=/vmlinuz-6.1.11-dpoveda", will be passed to user space.
May  1 14:47:03 dpoveda kernel: [    0.165971] Dentry cache hash table entries: 524288 (order: 10, 4194304 bytes, linear)
May  1 14:47:03 dpoveda kernel: [    0.170501] Inode-cache hash table entries: 262144 (order: 9, 2097152 bytes, linear)
May  1 14:47:03 dpoveda kernel: [    0.170612] mem auto-init: stack:all(zero), heap alloc:off, heap free:off
May  1 14:47:03 dpoveda kernel: [    0.170618] software IO TLB: area num 4.
May  1 14:47:03 dpoveda kernel: [    0.299077] Memory: 4019160K/4193848K available (16396K kernel code, 2680K rwdata, 4820K rodata, 1528K init, 864K bss, 174428K reserved, 0K cma-reserved)
May  1 14:47:03 dpoveda kernel: [    0.299137] SLUB: HWalign=64, Order=0-3, MinObjects=0, CPUs=4, Nodes=1
May  1 14:47:03 dpoveda kernel: [    0.300772] Dynamic Preempt: voluntary
May  1 14:47:03 dpoveda kernel: [    0.300906] rcu: Preemptible hierarchical RCU implementation.
May  1 14:47:03 dpoveda kernel: [    0.300907] rcu: ^IRCU event tracing is enabled.
May  1 14:47:03 dpoveda kernel: [    0.300908] rcu: ^IRCU restricting CPUs from NR_CPUS=64 to nr_cpu_ids=4.
May  1 14:47:03 dpoveda kernel: [    0.300909] ^ITrampoline variant of Tasks RCU enabled.
May  1 14:47:03 dpoveda kernel: [    0.300909] rcu: RCU calculated value of scheduler-enlistment delay is 100 jiffies.
May  1 14:47:03 dpoveda kernel: [    0.300911] rcu: Adjusting geometry for rcu_fanout_leaf=16, nr_cpu_ids=4
May  1 14:47:03 dpoveda kernel: [    0.302604] NR_IRQS: 4352, nr_irqs: 456, preallocated irqs: 16
May  1 14:47:03 dpoveda kernel: [    0.302907] rcu: srcu_init: Setting srcu_struct sizes based on contention.
May  1 14:47:03 dpoveda kernel: [    0.329620] Console: colour VGA+ 80x25
May  1 14:47:03 dpoveda kernel: [    0.493846] printk: console [tty0] enabled
May  1 14:47:03 dpoveda kernel: [    0.495004] ACPI: Core revision 20220331
May  1 14:47:03 dpoveda kernel: [    0.496220] APIC: Switch to symmetric I/O mode setup
May  1 14:47:03 dpoveda kernel: [    0.504851] ..TIMER: vector=0x30 apic1=0 pin1=2 apic2=-1 pin2=-1
May  1 14:47:03 dpoveda kernel: [    0.506428] clocksource: tsc-early: mask: 0xffffffffffffffff max_cycles: 0x6a77c752a1a, max_idle_ns: 881590993566 ns
May  1 14:47:03 dpoveda kernel: [    0.508830] Calibrating delay loop (skipped) preset value.. 7386.20 BogoMIPS (lpj=3693104)
May  1 14:47:03 dpoveda kernel: [    0.509825] pid_max: default: 32768 minimum: 301
May  1 14:47:03 dpoveda kernel: [    0.509825] LSM: Security Framework initializing
May  1 14:47:03 dpoveda kernel: [    0.509825] SELinux:  Initializing.
May  1 14:47:03 dpoveda kernel: [    0.509825] Mount-cache hash table entries: 8192 (order: 4, 65536 bytes, linear)
May  1 14:47:03 dpoveda kernel: [    0.509825] Mountpoint-cache hash table entries: 8192 (order: 4, 65536 bytes, linear)
May  1 14:47:03 dpoveda kernel: [    0.509825] Last level iTLB entries: 4KB 512, 2MB 512, 4MB 256
May  1 14:47:03 dpoveda kernel: [    0.509825] Last level dTLB entries: 4KB 2048, 2MB 2048, 4MB 1024, 1GB 0
May  1 14:47:03 dpoveda kernel: [    0.509825] Spectre V1 : Mitigation: usercopy/swapgs barriers and __user pointer sanitization
May  1 14:47:03 dpoveda kernel: [    0.509825] Spectre V2 : Mitigation: Retpolines
May  1 14:47:03 dpoveda kernel: [    0.509825] Spectre V2 : Spectre v2 / SpectreRSB mitigation: Filling RSB on context switch
May  1 14:47:03 dpoveda kernel: [    0.509825] Spectre V2 : Spectre v2 / SpectreRSB : Filling RSB on VMEXIT
May  1 14:47:03 dpoveda kernel: [    0.509825] Freeing SMP alternatives memory: 44K
May  1 14:47:03 dpoveda kernel: [    0.631827] APIC calibration not consistent with PM-Timer: 142ms instead of 100ms
May  1 14:47:03 dpoveda kernel: [    0.632825] APIC delta adjusted to PM-Timer: 6286103 (8929434)
May  1 14:47:03 dpoveda kernel: [    0.633063] smpboot: CPU0: AMD Ryzen 9 5900X 12-Core Processor (family: 0x19, model: 0x21, stepping: 0x0)
May  1 14:47:03 dpoveda kernel: [    0.633825] cblist_init_generic: Setting adjustable number of callback queues.
May  1 14:47:03 dpoveda kernel: [    0.633825] cblist_init_generic: Setting shift to 2 and lim to 1.
May  1 14:47:03 dpoveda kernel: [    0.633825] Performance Events: PMU not available due to virtualization, using software events only.
May  1 14:47:03 dpoveda kernel: [    0.633825] rcu: Hierarchical SRCU implementation.
May  1 14:47:03 dpoveda kernel: [    0.633825] rcu: ^IMax phase no-delay instances is 400.
May  1 14:47:03 dpoveda kernel: [    0.633825] smp: Bringing up secondary CPUs ...
May  1 14:47:03 dpoveda kernel: [    0.633825] x86: Booting SMP configuration:
May  1 14:47:03 dpoveda kernel: [    0.633825] .... node  #0, CPUs:      #1
May  1 14:47:03 dpoveda kernel: [    0.633825] TSC synchronization [CPU#0 -> CPU#1]:
May  1 14:47:03 dpoveda kernel: [    0.633825] Measured 83060 cycles TSC warp between CPUs, turning off TSC clock.
May  1 14:47:03 dpoveda kernel: [    0.633825] tsc: Marking TSC unstable due to check_tsc_sync_source failed
May  1 14:47:03 dpoveda kernel: [    0.635042]  #2 #3
May  1 14:47:03 dpoveda kernel: [    0.641919] smp: Brought up 1 node, 4 CPUs
May  1 14:47:03 dpoveda kernel: [    0.642828] smpboot: Max logical packages: 1
May  1 14:47:03 dpoveda kernel: [    0.643821] smpboot: Total of 4 processors activated (29544.83 BogoMIPS)
May  1 14:47:03 dpoveda kernel: [    0.644120] devtmpfs: initialized
May  1 14:47:03 dpoveda kernel: [    0.645165] clocksource: jiffies: mask: 0xffffffff max_cycles: 0xffffffff, max_idle_ns: 1911260446275000 ns
May  1 14:47:03 dpoveda kernel: [    0.645833] futex hash table entries: 1024 (order: 4, 65536 bytes, linear)
May  1 14:47:03 dpoveda kernel: [    0.647230] PM: RTC time: 12:46:59, date: 2023-05-01
May  1 14:47:03 dpoveda kernel: [    0.648338] NET: Registered PF_NETLINK/PF_ROUTE protocol family
May  1 14:47:03 dpoveda kernel: [    0.648921] audit: initializing netlink subsys (disabled)
May  1 14:47:03 dpoveda kernel: [    0.650904] audit: type=2000 audit(1682945229.492:1): state=initialized audit_enabled=0 res=1
May  1 14:47:03 dpoveda kernel: [    0.651086] thermal_sys: Registered thermal governor 'step_wise'
May  1 14:47:03 dpoveda kernel: [    0.651827] thermal_sys: Registered thermal governor 'user_space'
May  1 14:47:03 dpoveda kernel: [    0.652970] cpuidle: using governor menu
May  1 14:47:03 dpoveda kernel: [    0.656402] PCI: Using configuration type 1 for base access
May  1 14:47:03 dpoveda kernel: [    0.656827] PCI: Using configuration type 1 for extended access
May  1 14:47:03 dpoveda kernel: [    0.658970] kprobes: kprobe jump-optimization is enabled. All kprobes are optimized if possible.
May  1 14:47:03 dpoveda kernel: [    0.661922] HugeTLB: registered 2.00 MiB page size, pre-allocated 0 pages
May  1 14:47:03 dpoveda kernel: [    0.662828] HugeTLB: 28 KiB vmemmap can be freed for a 2.00 MiB page
May  1 14:47:03 dpoveda kernel: [    0.666084] ACPI: Added _OSI(Module Device)
May  1 14:47:03 dpoveda kernel: [    0.666827] ACPI: Added _OSI(Processor Device)
May  1 14:47:03 dpoveda kernel: [    0.667825] ACPI: Added _OSI(3.0 _SCP Extensions)
May  1 14:47:03 dpoveda kernel: [    0.667827] ACPI: Added _OSI(Processor Aggregator Device)
May  1 14:47:03 dpoveda kernel: [    0.669825] ACPI: 2 ACPI AML tables successfully acquired and loaded
May  1 14:47:03 dpoveda kernel: [    0.671375] ACPI: Interpreter enabled
May  1 14:47:03 dpoveda kernel: [    0.671831] ACPI: PM: (supports S0 S5)
May  1 14:47:03 dpoveda kernel: [    0.672685] ACPI: Using IOAPIC for interrupt routing
May  1 14:47:03 dpoveda kernel: [    0.673019] PCI: Using host bridge windows from ACPI; if necessary, use "pci=nocrs" and report a bug
May  1 14:47:03 dpoveda kernel: [    0.673827] PCI: Using E820 reservations for host bridge windows
May  1 14:47:03 dpoveda kernel: [    0.674825] ACPI: Enabled 2 GPEs in block 00 to 07
May  1 14:47:03 dpoveda kernel: [    0.677825] ACPI: PCI Root Bridge [PCI0] (domain 0000 [bus 00-ff])
May  1 14:47:03 dpoveda kernel: [    0.677831] acpi PNP0A03:00: _OSC: OS supports [ExtendedConfig ASPM ClockPM Segments MSI HPX-Type3]
May  1 14:47:03 dpoveda kernel: [    0.679260] acpi PNP0A03:00: _OSC: platform does not support [PCIeCapability LTR]
May  1 14:47:03 dpoveda kernel: [    0.680138] acpi PNP0A03:00: _OSC: not requesting control; platform does not support [PCIeCapability]
May  1 14:47:03 dpoveda kernel: [    0.680828] acpi PNP0A03:00: _OSC: OS requested [PME PCIeCapability LTR]
May  1 14:47:03 dpoveda kernel: [    0.681828] acpi PNP0A03:00: _OSC: platform willing to grant [PME]
May  1 14:47:03 dpoveda kernel: [    0.682828] acpi PNP0A03:00: _OSC: platform retains control of PCIe features (AE_SUPPORT)
May  1 14:47:03 dpoveda kernel: [    0.683950] PCI host bridge to bus 0000:00
May  1 14:47:03 dpoveda kernel: [    0.684828] pci_bus 0000:00: root bus resource [io  0x0000-0x0cf7 window]
May  1 14:47:03 dpoveda kernel: [    0.685828] pci_bus 0000:00: root bus resource [io  0x0d00-0xffff window]
May  1 14:47:03 dpoveda kernel: [    0.686825] pci_bus 0000:00: root bus resource [mem 0x000a0000-0x000bffff window]
May  1 14:47:03 dpoveda kernel: [    0.686828] pci_bus 0000:00: root bus resource [mem 0xe0000000-0xfdffffff window]
May  1 14:47:03 dpoveda kernel: [    0.687827] pci_bus 0000:00: root bus resource [bus 00-ff]
May  1 14:47:03 dpoveda kernel: [    0.689297] pci 0000:00:00.0: [8086:1237] type 00 class 0x060000
May  1 14:47:03 dpoveda kernel: [    0.690681] pci 0000:00:01.0: [8086:7000] type 00 class 0x060100
May  1 14:47:03 dpoveda kernel: [    0.691825] pci 0000:00:01.1: [8086:7111] type 00 class 0x01018a
May  1 14:47:03 dpoveda kernel: [    0.692438] pci 0000:00:01.1: reg 0x20: [io  0xd000-0xd00f]
May  1 14:47:03 dpoveda kernel: [    0.693872] pci 0000:00:01.1: legacy IDE quirk: reg 0x10: [io  0x01f0-0x01f7]
May  1 14:47:03 dpoveda kernel: [    0.694825] pci 0000:00:01.1: legacy IDE quirk: reg 0x14: [io  0x03f6]
May  1 14:47:03 dpoveda kernel: [    0.694828] pci 0000:00:01.1: legacy IDE quirk: reg 0x18: [io  0x0170-0x0177]
May  1 14:47:03 dpoveda kernel: [    0.695828] pci 0000:00:01.1: legacy IDE quirk: reg 0x1c: [io  0x0376]
May  1 14:47:03 dpoveda kernel: [    0.697200] pci 0000:00:02.0: [15ad:0405] type 00 class 0x030000
May  1 14:47:03 dpoveda kernel: [    0.698819] pci 0000:00:02.0: reg 0x10: [io  0xd010-0xd01f]
May  1 14:47:03 dpoveda kernel: [    0.699828] pci 0000:00:02.0: reg 0x14: [mem 0xe0000000-0xe0ffffff pref]
May  1 14:47:03 dpoveda kernel: [    0.701729] pci 0000:00:02.0: reg 0x18: [mem 0xf0000000-0xf01fffff]
May  1 14:47:03 dpoveda kernel: [    0.706938] pci 0000:00:02.0: Video device with shadowed ROM at [mem 0x000c0000-0x000dffff]
May  1 14:47:03 dpoveda kernel: [    0.708271] pci 0000:00:03.0: [8086:100e] type 00 class 0x020000
May  1 14:47:03 dpoveda kernel: [    0.709050] pci 0000:00:03.0: reg 0x10: [mem 0xf0200000-0xf021ffff]
May  1 14:47:03 dpoveda kernel: [    0.710074] pci 0000:00:03.0: reg 0x18: [io  0xd020-0xd027]
May  1 14:47:03 dpoveda kernel: [    0.712213] pci 0000:00:04.0: [80ee:cafe] type 00 class 0x088000
May  1 14:47:03 dpoveda kernel: [    0.713212] pci 0000:00:04.0: reg 0x10: [io  0xd040-0xd05f]
May  1 14:47:03 dpoveda kernel: [    0.714198] pci 0000:00:04.0: reg 0x14: [mem 0xf0400000-0xf07fffff]
May  1 14:47:03 dpoveda kernel: [    0.715318] pci 0000:00:04.0: reg 0x18: [mem 0xf0800000-0xf0803fff pref]
May  1 14:47:03 dpoveda kernel: [    0.718880] pci 0000:00:05.0: [8086:2415] type 00 class 0x040100
May  1 14:47:03 dpoveda kernel: [    0.719825] pci 0000:00:05.0: reg 0x10: [io  0xd100-0xd1ff]
May  1 14:47:03 dpoveda kernel: [    0.719940] pci 0000:00:05.0: reg 0x14: [io  0xd200-0xd23f]
May  1 14:47:03 dpoveda kernel: [    0.721116] pci 0000:00:06.0: [106b:003f] type 00 class 0x0c0310
May  1 14:47:03 dpoveda kernel: [    0.721825] pci 0000:00:06.0: reg 0x10: [mem 0xf0804000-0xf0804fff]
May  1 14:47:03 dpoveda kernel: [    0.723825] pci 0000:00:07.0: [8086:7113] type 00 class 0x068000
May  1 14:47:03 dpoveda kernel: [    0.725591] pci 0000:00:07.0: quirk: [io  0x4000-0x403f] claimed by PIIX4 ACPI
May  1 14:47:03 dpoveda kernel: [    0.725845] pci 0000:00:07.0: quirk: [io  0x4100-0x410f] claimed by PIIX4 SMB
May  1 14:47:03 dpoveda kernel: [    0.727161] pci 0000:00:0d.0: [8086:2829] type 00 class 0x010601
May  1 14:47:03 dpoveda kernel: [    0.728043] pci 0000:00:0d.0: reg 0x10: [io  0xd240-0xd247]
May  1 14:47:03 dpoveda kernel: [    0.728825] pci 0000:00:0d.0: reg 0x14: [io  0xd248-0xd24b]
May  1 14:47:03 dpoveda kernel: [    0.728955] pci 0000:00:0d.0: reg 0x18: [io  0xd250-0xd257]
May  1 14:47:03 dpoveda kernel: [    0.729950] pci 0000:00:0d.0: reg 0x1c: [io  0xd258-0xd25b]
May  1 14:47:03 dpoveda kernel: [    0.730938] pci 0000:00:0d.0: reg 0x20: [io  0xd260-0xd26f]
May  1 14:47:03 dpoveda kernel: [    0.731825] pci 0000:00:0d.0: reg 0x24: [mem 0xf0806000-0xf0807fff]
May  1 14:47:03 dpoveda kernel: [    0.733825] ACPI: PCI: Interrupt link LNKA configured for IRQ 11
May  1 14:47:03 dpoveda kernel: [    0.734058] ACPI: PCI: Interrupt link LNKB configured for IRQ 10
May  1 14:47:03 dpoveda kernel: [    0.734923] ACPI: PCI: Interrupt link LNKC configured for IRQ 9
May  1 14:47:03 dpoveda kernel: [    0.735825] ACPI: PCI: Interrupt link LNKD configured for IRQ 11
May  1 14:47:03 dpoveda kernel: [    0.735985] iommu: Default domain type: Translated 
May  1 14:47:03 dpoveda kernel: [    0.736827] iommu: DMA domain TLB invalidation policy: lazy mode 
May  1 14:47:03 dpoveda kernel: [    0.738040] SCSI subsystem initialized
May  1 14:47:03 dpoveda kernel: [    0.738944] libata version 3.00 loaded.
May  1 14:47:03 dpoveda kernel: [    0.738982] ACPI: bus type USB registered
May  1 14:47:03 dpoveda kernel: [    0.739845] usbcore: registered new interface driver usbfs
May  1 14:47:03 dpoveda kernel: [    0.740835] usbcore: registered new interface driver hub
May  1 14:47:03 dpoveda kernel: [    0.741825] usbcore: registered new device driver usb
May  1 14:47:03 dpoveda kernel: [    0.741839] pps_core: LinuxPPS API ver. 1 registered
May  1 14:47:03 dpoveda kernel: [    0.742827] pps_core: Software ver. 5.3.6 - Copyright 2005-2007 Rodolfo Giometti <giometti@linux.it>
May  1 14:47:03 dpoveda kernel: [    0.743831] PTP clock support registered
May  1 14:47:03 dpoveda kernel: [    0.744825] Advanced Linux Sound Architecture Driver Initialized.
May  1 14:47:03 dpoveda kernel: [    0.745001] NetLabel: Initializing
May  1 14:47:03 dpoveda kernel: [    0.745827] NetLabel:  domain hash size = 128
May  1 14:47:03 dpoveda kernel: [    0.746804] NetLabel:  protocols = UNLABELED CIPSOv4 CALIPSO
May  1 14:47:03 dpoveda kernel: [    0.746838] NetLabel:  unlabeled traffic allowed by default
May  1 14:47:03 dpoveda kernel: [    0.747930] PCI: Using ACPI for IRQ routing
May  1 14:47:03 dpoveda kernel: [    0.748825] PCI: pci_cache_line_size set to 64 bytes
May  1 14:47:03 dpoveda kernel: [    0.749007] e820: reserve RAM buffer [mem 0x0009fc00-0x0009ffff]
May  1 14:47:03 dpoveda kernel: [    0.749009] e820: reserve RAM buffer [mem 0xdfff0000-0xdfffffff]
May  1 14:47:03 dpoveda kernel: [    0.749085] pci 0000:00:02.0: vgaarb: setting as boot VGA device
May  1 14:47:03 dpoveda kernel: [    0.749825] pci 0000:00:02.0: vgaarb: bridge control possible
May  1 14:47:03 dpoveda kernel: [    0.749825] pci 0000:00:02.0: vgaarb: VGA device added: decodes=io+mem,owns=io+mem,locks=none
May  1 14:47:03 dpoveda kernel: [    0.749829] vgaarb: loaded
May  1 14:47:03 dpoveda kernel: [    0.750974] clocksource: Switched to clocksource kvm-clock
May  1 14:47:03 dpoveda kernel: [    0.757123] VFS: Disk quotas dquot_6.6.0
May  1 14:47:03 dpoveda kernel: [    0.758730] VFS: Dquot-cache hash table entries: 512 (order 0, 4096 bytes)
May  1 14:47:03 dpoveda kernel: [    0.760494] pnp: PnP ACPI init
May  1 14:47:03 dpoveda kernel: [    0.762364] pnp: PnP ACPI: found 2 devices
May  1 14:47:03 dpoveda kernel: [    0.806223] clocksource: acpi_pm: mask: 0xffffff max_cycles: 0xffffff, max_idle_ns: 2085701024 ns
May  1 14:47:03 dpoveda kernel: [    0.807194] NET: Registered PF_INET protocol family
May  1 14:47:03 dpoveda kernel: [    0.807194] IP idents hash table entries: 65536 (order: 7, 524288 bytes, linear)
May  1 14:47:03 dpoveda kernel: [    0.807194] tcp_listen_portaddr_hash hash table entries: 2048 (order: 3, 32768 bytes, linear)
May  1 14:47:03 dpoveda kernel: [    0.807194] Table-perturb hash table entries: 65536 (order: 6, 262144 bytes, linear)
May  1 14:47:03 dpoveda kernel: [    0.807194] TCP established hash table entries: 32768 (order: 6, 262144 bytes, linear)
May  1 14:47:03 dpoveda kernel: [    0.807194] TCP bind hash table entries: 32768 (order: 8, 1048576 bytes, linear)
May  1 14:47:03 dpoveda kernel: [    0.807194] TCP: Hash tables configured (established 32768 bind 32768)
May  1 14:47:03 dpoveda kernel: [    0.807194] UDP hash table entries: 2048 (order: 4, 65536 bytes, linear)
May  1 14:47:03 dpoveda kernel: [    0.807194] UDP-Lite hash table entries: 2048 (order: 4, 65536 bytes, linear)
May  1 14:47:03 dpoveda kernel: [    0.807194] NET: Registered PF_UNIX/PF_LOCAL protocol family
May  1 14:47:03 dpoveda kernel: [    0.832252] RPC: Registered named UNIX socket transport module.
May  1 14:47:03 dpoveda kernel: [    0.833750] RPC: Registered udp transport module.
May  1 14:47:03 dpoveda kernel: [    0.834671] RPC: Registered tcp transport module.
May  1 14:47:03 dpoveda kernel: [    0.834671] RPC: Registered tcp NFSv4.1 backchannel transport module.
May  1 14:47:03 dpoveda kernel: [    0.838318] pci_bus 0000:00: resource 4 [io  0x0000-0x0cf7 window]
May  1 14:47:03 dpoveda kernel: [    0.839088] pci_bus 0000:00: resource 5 [io  0x0d00-0xffff window]
May  1 14:47:03 dpoveda kernel: [    0.839088] pci_bus 0000:00: resource 6 [mem 0x000a0000-0x000bffff window]
May  1 14:47:03 dpoveda kernel: [    0.839088] pci_bus 0000:00: resource 7 [mem 0xe0000000-0xfdffffff window]
May  1 14:47:03 dpoveda kernel: [    0.839088] pci 0000:00:00.0: Limiting direct PCI/PCI transfers
May  1 14:47:03 dpoveda kernel: [    0.839088] PCI: CLS 0 bytes, default 64
May  1 14:47:03 dpoveda kernel: [    0.839088] PCI-DMA: Using software bounce buffering for IO (SWIOTLB)
May  1 14:47:03 dpoveda kernel: [    0.849966] software IO TLB: mapped [mem 0x00000000dbff0000-0x00000000dfff0000] (64MB)
May  1 14:47:03 dpoveda kernel: [    0.852015] platform rtc_cmos: registered platform RTC device (no PNP device found)
May  1 14:47:03 dpoveda kernel: [    0.859772] Initialise system trusted keyrings
May  1 14:47:03 dpoveda kernel: [    0.861783] workingset: timestamp_bits=56 max_order=20 bucket_order=0
May  1 14:47:03 dpoveda kernel: [    0.867099] NFS: Registering the id_resolver key type
May  1 14:47:03 dpoveda kernel: [    0.868546] Key type id_resolver registered
May  1 14:47:03 dpoveda kernel: [    0.869824] Key type id_legacy registered
May  1 14:47:03 dpoveda kernel: [    0.871512] 9p: Installing v9fs 9p2000 file system support
May  1 14:47:03 dpoveda kernel: [    0.877628] Key type asymmetric registered
May  1 14:47:03 dpoveda kernel: [    0.877628] Asymmetric key parser 'x509' registered
May  1 14:47:03 dpoveda kernel: [    0.877628] Block layer SCSI generic (bsg) driver version 0.4 loaded (major 251)
May  1 14:47:03 dpoveda kernel: [    0.877628] io scheduler mq-deadline registered
May  1 14:47:03 dpoveda kernel: [    0.877628] io scheduler kyber registered
May  1 14:47:03 dpoveda kernel: [    0.886497] ACPI: AC: AC Adapter [AC] (on-line)
May  1 14:47:03 dpoveda kernel: [    0.887018] input: Power Button as /devices/LNXSYSTM:00/LNXPWRBN:00/input/input0
May  1 14:47:03 dpoveda kernel: [    0.890154] ACPI: button: Power Button [PWRF]
May  1 14:47:03 dpoveda kernel: [    0.890960] input: Sleep Button as /devices/LNXSYSTM:00/LNXSLPBN:00/input/input1
May  1 14:47:03 dpoveda kernel: [    0.890960] ACPI: button: Sleep Button [SLPF]
May  1 14:47:03 dpoveda kernel: [    0.890960] ACPI: video: Video Device [GFX0] (multi-head: yes  rom: no  post: no)
May  1 14:47:03 dpoveda kernel: [    0.897669] input: Video Bus as /devices/LNXSYSTM:00/LNXSYBUS:00/PNP0A03:00/LNXVIDEO:00/input/input2
May  1 14:47:03 dpoveda kernel: [    0.901900] Serial: 8250/16550 driver, 4 ports, IRQ sharing enabled
May  1 14:47:03 dpoveda kernel: [    0.907063] Non-volatile memory driver v1.3
May  1 14:47:03 dpoveda kernel: [    0.907727] Linux agpgart interface v0.103
May  1 14:47:03 dpoveda kernel: [    0.907727] ACPI: bus type drm_connector registered
May  1 14:47:03 dpoveda kernel: [    0.920617] loop: module loaded
May  1 14:47:03 dpoveda kernel: [    0.921313] ahci 0000:00:0d.0: version 3.0
May  1 14:47:03 dpoveda kernel: [    0.921313] ahci 0000:00:0d.0: SSS flag set, parallel bus scan disabled
May  1 14:47:03 dpoveda kernel: [    0.921313] ahci 0000:00:0d.0: AHCI 0001.0100 32 slots 1 ports 3 Gbps 0x1 impl SATA mode
May  1 14:47:03 dpoveda kernel: [    0.921313] ahci 0000:00:0d.0: flags: 64bit ncq stag only ccc 
May  1 14:47:03 dpoveda kernel: [    0.931288] scsi host0: ahci
May  1 14:47:03 dpoveda kernel: [    0.932075] ata1: SATA max UDMA/133 abar m8192@0xf0806000 port 0xf0806100 irq 21
May  1 14:47:03 dpoveda kernel: [    0.934456] ata_piix 0000:00:01.1: version 2.13
May  1 14:47:03 dpoveda kernel: [    0.937420] scsi host1: ata_piix
May  1 14:47:03 dpoveda kernel: [    0.940096] scsi host2: ata_piix
May  1 14:47:03 dpoveda kernel: [    0.940875] ata2: PATA max UDMA/33 cmd 0x1f0 ctl 0x3f6 bmdma 0xd000 irq 14
May  1 14:47:03 dpoveda kernel: [    0.940875] ata3: PATA max UDMA/33 cmd 0x170 ctl 0x376 bmdma 0xd008 irq 15
May  1 14:47:03 dpoveda kernel: [    0.944932] e100: Intel(R) PRO/100 Network Driver
May  1 14:47:03 dpoveda kernel: [    0.953961] e100: Copyright(c) 1999-2006 Intel Corporation
May  1 14:47:03 dpoveda kernel: [    0.960442] e1000: Intel(R) PRO/1000 Network Driver
May  1 14:47:03 dpoveda kernel: [    0.961155] e1000: Copyright (c) 1999-2006 Intel Corporation.
May  1 14:47:03 dpoveda kernel: [    1.216136] ata3.00: ATAPI: VBOX CD-ROM, 1.0, max UDMA/133
May  1 14:47:03 dpoveda kernel: [    1.297355] ata1: SATA link up 3.0 Gbps (SStatus 123 SControl 300)
May  1 14:47:03 dpoveda kernel: [    1.299713] ata1.00: ATA-6: VBOX HARDDISK, 1.0, max UDMA/133
May  1 14:47:03 dpoveda kernel: [    1.301331] ata1.00: 104857600 sectors, multi 128: LBA48 NCQ (depth 32)
May  1 14:47:03 dpoveda kernel: [    1.304152] ata1.00: configured for UDMA/133
May  1 14:47:03 dpoveda kernel: [    1.306315] scsi 0:0:0:0: Direct-Access     ATA      VBOX HARDDISK    1.0  PQ: 0 ANSI: 5
May  1 14:47:03 dpoveda kernel: [    1.310163] scsi 0:0:0:0: Attached scsi generic sg0 type 0
May  1 14:47:03 dpoveda kernel: [    1.313367] sd 0:0:0:0: [sda] 104857600 512-byte logical blocks: (53.7 GB/50.0 GiB)
May  1 14:47:03 dpoveda kernel: [    1.325738] sd 0:0:0:0: [sda] Write Protect is off
May  1 14:47:03 dpoveda kernel: [    1.326218] scsi 2:0:0:0: CD-ROM            VBOX     CD-ROM           1.0  PQ: 0 ANSI: 5
May  1 14:47:03 dpoveda kernel: [    1.327098] sd 0:0:0:0: [sda] Mode Sense: 00 3a 00 00
May  1 14:47:03 dpoveda kernel: [    1.330120] sd 0:0:0:0: [sda] Write cache: enabled, read cache: enabled, doesn't support DPO or FUA
May  1 14:47:03 dpoveda kernel: [    1.332703] sd 0:0:0:0: [sda] Preferred minimum I/O size 512 bytes
May  1 14:47:03 dpoveda kernel: [    1.342280]  sda: sda1 sda2 sda3 sda4 sda5
May  1 14:47:03 dpoveda kernel: [    1.347348] sd 0:0:0:0: [sda] Attached SCSI disk
May  1 14:47:03 dpoveda kernel: [    1.365578] sr 2:0:0:0: [sr0] scsi3-mmc drive: 32x/32x xa/form2 tray
May  1 14:47:03 dpoveda kernel: [    1.367356] cdrom: Uniform CD-ROM driver Revision: 3.20
May  1 14:47:03 dpoveda kernel: [    1.434993] sr 2:0:0:0: Attached scsi CD-ROM sr0
May  1 14:47:03 dpoveda kernel: [    1.437104] sr 2:0:0:0: Attached scsi generic sg1 type 5
May  1 14:47:03 dpoveda kernel: [    1.439849] e1000 0000:00:03.0 eth0: (PCI:33MHz:32-bit) 08:00:27:1f:fb:e3
May  1 14:47:03 dpoveda kernel: [    1.439849] e1000 0000:00:03.0 eth0: Intel(R) PRO/1000 Network Connection
May  1 14:47:03 dpoveda kernel: [    1.439849] e1000e: Intel(R) PRO/1000 Network Driver
May  1 14:47:03 dpoveda kernel: [    1.439849] e1000e: Copyright(c) 1999 - 2015 Intel Corporation.
May  1 14:47:03 dpoveda kernel: [    1.439849] sky2: driver version 1.30
May  1 14:47:03 dpoveda kernel: [    1.467337] ohci-pci 0000:00:06.0: OHCI PCI host controller
May  1 14:47:03 dpoveda kernel: [    1.469144] ohci-pci 0000:00:06.0: new USB bus registered, assigned bus number 1
May  1 14:47:03 dpoveda kernel: [    1.469975] ohci-pci 0000:00:06.0: irq 22, io mem 0xf0804000
May  1 14:47:03 dpoveda kernel: [    1.527163] usb usb1: New USB device found, idVendor=1d6b, idProduct=0001, bcdDevice= 6.01
May  1 14:47:03 dpoveda kernel: [    1.527634] usb usb1: New USB device strings: Mfr=3, Product=2, SerialNumber=1
May  1 14:47:03 dpoveda kernel: [    1.527634] usb usb1: Product: OHCI PCI host controller
May  1 14:47:03 dpoveda kernel: [    1.527634] usb usb1: Manufacturer: Linux 6.1.11-dpoveda ohci_hcd
May  1 14:47:03 dpoveda kernel: [    1.527634] usb usb1: SerialNumber: 0000:00:06.0
May  1 14:47:03 dpoveda kernel: [    1.535326] hub 1-0:1.0: USB hub found
May  1 14:47:03 dpoveda kernel: [    1.536691] hub 1-0:1.0: 12 ports detected
May  1 14:47:03 dpoveda kernel: [    1.538892] usbcore: registered new interface driver usblp
May  1 14:47:03 dpoveda kernel: [    1.540166] usbcore: registered new interface driver usb-storage
May  1 14:47:03 dpoveda kernel: [    1.541587] i8042: PNP: PS/2 Controller [PNP0303:PS2K,PNP0f03:PS2M] at 0x60,0x64 irq 1,12
May  1 14:47:03 dpoveda kernel: [    1.545873] serio: i8042 KBD port at 0x60,0x64 irq 1
May  1 14:47:03 dpoveda kernel: [    1.545873] serio: i8042 AUX port at 0x60,0x64 irq 12
May  1 14:47:03 dpoveda kernel: [    1.553787] input: AT Translated Set 2 keyboard as /devices/platform/i8042/serio0/input/input3
May  1 14:47:03 dpoveda kernel: [    1.554078] rtc_cmos rtc_cmos: registered as rtc0
May  1 14:47:03 dpoveda kernel: [    1.558060] rtc_cmos rtc_cmos: alarms up to one day, 114 bytes nvram
May  1 14:47:03 dpoveda kernel: [    1.560074] fail to initialize ptp_kvm
May  1 14:47:03 dpoveda kernel: [    1.560691] device-mapper: ioctl: 4.47.0-ioctl (2022-07-28) initialised: dm-devel@redhat.com
May  1 14:47:03 dpoveda kernel: [    1.565040] hid: raw HID events driver (C) Jiri Kosina
May  1 14:47:03 dpoveda kernel: [    1.566781] usbcore: registered new interface driver usbhid
May  1 14:47:03 dpoveda kernel: [    1.568621] usbhid: USB HID core driver
May  1 14:47:03 dpoveda kernel: [    1.574790] Initializing XFRM netlink socket
May  1 14:47:03 dpoveda kernel: [    1.576275] NET: Registered PF_INET6 protocol family
May  1 14:47:03 dpoveda kernel: [    1.580054] Segment Routing with IPv6
May  1 14:47:03 dpoveda kernel: [    1.581015] In-situ OAM (IOAM) with IPv6
May  1 14:47:03 dpoveda kernel: [    1.581015] sit: IPv6, IPv4 and MPLS over IPv4 tunneling driver
May  1 14:47:03 dpoveda kernel: [    1.581015] NET: Registered PF_PACKET protocol family
May  1 14:47:03 dpoveda kernel: [    1.581015] 9pnet: Installing 9P2000 support
May  1 14:47:03 dpoveda kernel: [    1.581015] Key type dns_resolver registered
May  1 14:47:03 dpoveda kernel: [    1.590235] IPI shorthand broadcast: enabled
May  1 14:47:03 dpoveda kernel: [    1.591091] sched_clock: Marking stable (1384303762, 205788111)->(1726364640, -136272767)
May  1 14:47:03 dpoveda kernel: [    1.594560] registered taskstats version 1
May  1 14:47:03 dpoveda kernel: [    1.595802] Loading compiled-in X.509 certificates
May  1 14:47:03 dpoveda kernel: [    1.598550] cryptomgr_test (67) used greatest stack depth: 15520 bytes left
May  1 14:47:03 dpoveda kernel: [    1.610592] cryptomgr_test (82) used greatest stack depth: 15104 bytes left
May  1 14:47:03 dpoveda kernel: [    1.616754] PM:   Magic number: 7:575:783
May  1 14:47:03 dpoveda kernel: [    1.618331] printk: console [netcon0] enabled
May  1 14:47:03 dpoveda kernel: [    1.619763] netconsole: network logging started
May  1 14:47:03 dpoveda kernel: [    1.622100] cfg80211: Loading compiled-in X.509 certificates for regulatory database
May  1 14:47:03 dpoveda kernel: [    1.625315] kworker/u8:2 (89) used greatest stack depth: 14712 bytes left
May  1 14:47:03 dpoveda kernel: [    1.627344] cfg80211: Loaded X.509 cert 'sforshee: 00b28ddf47aef9cea7'
May  1 14:47:03 dpoveda kernel: [    1.629430] platform regulatory.0: Direct firmware load for regulatory.db failed with error -2
May  1 14:47:03 dpoveda kernel: [    1.632021] ALSA device list:
May  1 14:47:03 dpoveda kernel: [    1.632025]   No soundcards found.
May  1 14:47:03 dpoveda kernel: [    1.635399] cfg80211: failed to load regulatory.db
May  1 14:47:03 dpoveda kernel: [    1.938937] input: ImExPS/2 Generic Explorer Mouse as /devices/platform/i8042/serio1/input/input5
May  1 14:47:03 dpoveda kernel: [    1.942464] md: Waiting for all devices to be available before autodetect
May  1 14:47:03 dpoveda kernel: [    1.946238] md: If you don't use raid, use raid=noautodetect
May  1 14:47:03 dpoveda kernel: [    1.947532] md: Autodetecting RAID arrays.
May  1 14:47:03 dpoveda kernel: [    1.948435] md: autorun ...
May  1 14:47:03 dpoveda kernel: [    1.949118] md: ... autorun DONE.
May  1 14:47:03 dpoveda kernel: [    1.957984] EXT4-fs (sda3): mounted filesystem with ordered data mode. Quota mode: none.
May  1 14:47:03 dpoveda kernel: [    1.959919] VFS: Mounted root (ext4 filesystem) readonly on device 8:3.
May  1 14:47:03 dpoveda kernel: [    1.963048] devtmpfs: mounted
May  1 14:47:03 dpoveda kernel: [    1.964800] Freeing unused kernel image (initmem) memory: 1528K
May  1 14:47:03 dpoveda kernel: [    1.966439] Write protecting the kernel read-only data: 24576k
May  1 14:47:03 dpoveda kernel: [    1.969129] Freeing unused kernel image (text/rodata gap) memory: 2032K
May  1 14:47:03 dpoveda kernel: [    1.971164] Freeing unused kernel image (rodata/data gap) memory: 1324K
May  1 14:47:03 dpoveda kernel: [    1.998093] x86/mm: Checked W+X mappings: passed, no W+X pages found.
May  1 14:47:03 dpoveda kernel: [    1.999542] Run /sbin/init as init process
May  1 14:47:03 dpoveda kernel: [    2.000453]   with arguments:
May  1 14:47:03 dpoveda kernel: [    2.000454]     /sbin/init
May  1 14:47:03 dpoveda kernel: [    2.000454]   with environment:
May  1 14:47:03 dpoveda kernel: [    2.000454]     HOME=/
May  1 14:47:03 dpoveda kernel: [    2.000455]     TERM=linux
May  1 14:47:03 dpoveda kernel: [    2.000455]     BOOT_IMAGE=/vmlinuz-6.1.11-dpoveda
May  1 14:47:03 dpoveda kernel: [    2.058264] usb 1-1: new full-speed USB device number 2 using ohci-pci
May  1 14:47:03 dpoveda kernel: [    2.068652] stty (98) used greatest stack depth: 12872 bytes left
May  1 14:47:03 dpoveda kernel: <30>[    2.297614] udevd[183]: starting version 3.2.11
May  1 14:47:03 dpoveda kernel: [    2.322973] usb 1-1: New USB device found, idVendor=80ee, idProduct=0021, bcdDevice= 1.00
May  1 14:47:03 dpoveda kernel: [    2.333328] usb 1-1: New USB device strings: Mfr=1, Product=3, SerialNumber=0
May  1 14:47:03 dpoveda kernel: [    2.335757] usb 1-1: Product: USB Tablet
May  1 14:47:03 dpoveda kernel: [    2.336897] usb 1-1: Manufacturer: VirtualBox
May  1 14:47:03 dpoveda kernel: [    2.357366] input: VirtualBox USB Tablet as /devices/pci0000:00/0000:00:06.0/usb1/1-1/1-1:1.0/0003:80EE:0021.0001/input/input6
May  1 14:47:03 dpoveda kernel: [    2.362243] hid-generic 0003:80EE:0021.0001: input,hidraw0: USB HID v1.10 Mouse [VirtualBox USB Tablet] on usb-0000:00:06.0-1/input0
May  1 14:47:03 dpoveda kernel: [    7.364954] random: crng init done
May  1 14:47:03 dpoveda kernel: <30>[    7.393706] udevd[184]: starting eudev-3.2.11
May  1 14:47:03 dpoveda kernel: [    7.472815] e1000 0000:00:03.0 enp0s3: renamed from eth0
May  1 14:47:03 dpoveda kernel: [    8.963977] Adding 4194300k swap on /dev/sda5.  Priority:1 extents:1 across:4194300k 
May  1 14:47:03 dpoveda kernel: [    8.985695] EXT4-fs (sda3): re-mounted. Quota mode: none.
May  1 14:47:03 dpoveda kernel: [    9.077375] EXT4-fs (sda3): re-mounted. Quota mode: none.
May  1 14:47:03 dpoveda kernel: [    9.098166] EXT4-fs (sda2): mounting ext2 file system using the ext4 subsystem
May  1 14:47:03 dpoveda kernel: [    9.103130] EXT4-fs (sda2): mounted filesystem without journal. Quota mode: none.
May  1 14:47:03 dpoveda kernel: [    9.112346] EXT4-fs (sda4): mounted filesystem with ordered data mode. Quota mode: none.
May  1 14:47:03 dpoveda kernel: [    9.773986] e1000: enp0s3 NIC Link is Up 1000 Mbps Full Duplex, Flow Control: RX
May  1 14:47:03 dpoveda kernel: [    9.828377] IPv6: ADDRCONF(NETDEV_CHANGE): enp0s3: link becomes ready
May  1 14:49:04 dpoveda shutdown[495]: shutting down for system halt
May  1 14:49:04 dpoveda init: Switching to runlevel: 0
May  1 14:49:07 dpoveda kernel: Kernel logging (proc) stopped.
May  1 14:49:07 dpoveda kernel: Kernel log daemon terminating.
May  1 14:49:08 dpoveda exiting on signal 15
May  1 14:51:16 dpoveda syslogd 1.5.1: restart.
May  1 14:51:16 dpoveda kernel: klogd 1.5.1, log source = /proc/kmsg started.
May  1 14:51:16 dpoveda kernel: Cannot find map file.
May  1 14:51:16 dpoveda kernel: Loaded 106680 symbols from 1 module.
May  1 14:51:16 dpoveda kernel: [    0.000000] Linux version 6.1.11-dpoveda (root@debian) (gcc (GCC) 12.2.0, GNU ld (GNU Binutils) 2.40) #1 SMP PREEMPT_DYNAMIC Mon May  1 13:25:56 CEST 2023
May  1 14:51:16 dpoveda kernel: [    0.000000] Command line: BOOT_IMAGE=/vmlinuz-6.1.11-dpoveda root=/dev/sda3 ro
May  1 14:51:16 dpoveda kernel: [    0.000000] [Firmware Bug]: TSC doesn't count with P0 frequency!
May  1 14:51:16 dpoveda kernel: [    0.000000] x86/fpu: x87 FPU will use FXSAVE
May  1 14:51:16 dpoveda kernel: [    0.000000] signal: max sigframe size: 1440
May  1 14:51:16 dpoveda kernel: [    0.000000] BIOS-provided physical RAM map:
May  1 14:51:16 dpoveda kernel: [    0.000000] BIOS-e820: [mem 0x0000000000000000-0x000000000009fbff] usable
May  1 14:51:16 dpoveda kernel: [    0.000000] BIOS-e820: [mem 0x000000000009fc00-0x000000000009ffff] reserved
May  1 14:51:16 dpoveda kernel: [    0.000000] BIOS-e820: [mem 0x00000000000f0000-0x00000000000fffff] reserved
May  1 14:51:16 dpoveda kernel: [    0.000000] BIOS-e820: [mem 0x0000000000100000-0x00000000dffeffff] usable
May  1 14:51:16 dpoveda kernel: [    0.000000] BIOS-e820: [mem 0x00000000dfff0000-0x00000000dfffffff] ACPI data
May  1 14:51:16 dpoveda kernel: [    0.000000] BIOS-e820: [mem 0x00000000fec00000-0x00000000fec00fff] reserved
May  1 14:51:16 dpoveda kernel: [    0.000000] BIOS-e820: [mem 0x00000000fee00000-0x00000000fee00fff] reserved
May  1 14:51:16 dpoveda kernel: [    0.000000] BIOS-e820: [mem 0x00000000fffc0000-0x00000000ffffffff] reserved
May  1 14:51:16 dpoveda kernel: [    0.000000] BIOS-e820: [mem 0x0000000100000000-0x000000011fffffff] usable
May  1 14:51:16 dpoveda kernel: [    0.000000] NX (Execute Disable) protection: active
May  1 14:51:16 dpoveda kernel: [    0.000000] SMBIOS 2.5 present.
May  1 14:51:16 dpoveda kernel: [    0.000000] DMI: innotek GmbH VirtualBox/VirtualBox, BIOS VirtualBox 12/01/2006
May  1 14:51:16 dpoveda kernel: [    0.000000] Hypervisor detected: KVM
May  1 14:51:16 dpoveda kernel: [    0.000000] kvm-clock: Using msrs 4b564d01 and 4b564d00
May  1 14:51:16 dpoveda kernel: [    0.000001] kvm-clock: using sched offset of 8392419515 cycles
May  1 14:51:16 dpoveda kernel: [    0.000003] clocksource: kvm-clock: mask: 0xffffffffffffffff max_cycles: 0x1cd42e4dffb, max_idle_ns: 881590591483 ns
May  1 14:51:16 dpoveda kernel: [    0.000007] tsc: Detected 3693.104 MHz processor
May  1 14:51:16 dpoveda kernel: [    0.003089] e820: update [mem 0x00000000-0x00000fff] usable ==> reserved
May  1 14:51:16 dpoveda kernel: [    0.003093] e820: remove [mem 0x000a0000-0x000fffff] usable
May  1 14:51:16 dpoveda kernel: [    0.003097] last_pfn = 0x120000 max_arch_pfn = 0x400000000
May  1 14:51:16 dpoveda kernel: [    0.003158] Disabled
May  1 14:51:16 dpoveda kernel: [    0.003160] x86/PAT: MTRRs disabled, skipping PAT initialization too.
May  1 14:51:16 dpoveda kernel: [    0.003169] CPU MTRRs all blank - virtualized system.
May  1 14:51:16 dpoveda kernel: [    0.003172] x86/PAT: Configuration [0-7]: WB  WT  UC- UC  WB  WT  UC- UC  
May  1 14:51:16 dpoveda kernel: [    0.003173] last_pfn = 0xdfff0 max_arch_pfn = 0x400000000
May  1 14:51:16 dpoveda kernel: [    0.003192] found SMP MP-table at [mem 0x0009fff0-0x0009ffff]
May  1 14:51:16 dpoveda kernel: [    0.003415] ACPI: Early table checksum verification disabled
May  1 14:51:16 dpoveda kernel: [    0.003420] ACPI: RSDP 0x00000000000E0000 000024 (v02 VBOX  )
May  1 14:51:16 dpoveda kernel: [    0.003441] ACPI: XSDT 0x00000000DFFF0030 00003C (v01 VBOX   VBOXXSDT 00000001 ASL  00000061)
May  1 14:51:16 dpoveda kernel: [    0.003448] ACPI: FACP 0x00000000DFFF00F0 0000F4 (v04 VBOX   VBOXFACP 00000001 ASL  00000061)
May  1 14:51:16 dpoveda kernel: [    0.003452] ACPI: DSDT 0x00000000DFFF0480 002325 (v02 VBOX   VBOXBIOS 00000002 INTL 20100528)
May  1 14:51:16 dpoveda kernel: [    0.003455] ACPI: FACS 0x00000000DFFF0200 000040
May  1 14:51:16 dpoveda kernel: [    0.003457] ACPI: FACS 0x00000000DFFF0200 000040
May  1 14:51:16 dpoveda kernel: [    0.003459] ACPI: APIC 0x00000000DFFF0240 00006C (v02 VBOX   VBOXAPIC 00000001 ASL  00000061)
May  1 14:51:16 dpoveda kernel: [    0.003461] ACPI: SSDT 0x00000000DFFF02B0 0001CC (v01 VBOX   VBOXCPUT 00000002 INTL 20100528)
May  1 14:51:16 dpoveda kernel: [    0.003463] ACPI: Reserving FACP table memory at [mem 0xdfff00f0-0xdfff01e3]
May  1 14:51:16 dpoveda kernel: [    0.003464] ACPI: Reserving DSDT table memory at [mem 0xdfff0480-0xdfff27a4]
May  1 14:51:16 dpoveda kernel: [    0.003466] ACPI: Reserving FACS table memory at [mem 0xdfff0200-0xdfff023f]
May  1 14:51:16 dpoveda kernel: [    0.003466] ACPI: Reserving FACS table memory at [mem 0xdfff0200-0xdfff023f]
May  1 14:51:16 dpoveda kernel: [    0.003467] ACPI: Reserving APIC table memory at [mem 0xdfff0240-0xdfff02ab]
May  1 14:51:16 dpoveda kernel: [    0.003468] ACPI: Reserving SSDT table memory at [mem 0xdfff02b0-0xdfff047b]
May  1 14:51:16 dpoveda kernel: [    0.004629] No NUMA configuration found
May  1 14:51:16 dpoveda kernel: [    0.004631] Faking a node at [mem 0x0000000000000000-0x000000011fffffff]
May  1 14:51:16 dpoveda kernel: [    0.004634] NODE_DATA(0) allocated [mem 0x11fff8000-0x11fffbfff]
May  1 14:51:16 dpoveda kernel: [    0.004813] Zone ranges:
May  1 14:51:16 dpoveda kernel: [    0.004814]   DMA      [mem 0x0000000000001000-0x0000000000ffffff]
May  1 14:51:16 dpoveda kernel: [    0.004816]   DMA32    [mem 0x0000000001000000-0x00000000ffffffff]
May  1 14:51:16 dpoveda kernel: [    0.004817]   Normal   [mem 0x0000000100000000-0x000000011fffffff]
May  1 14:51:16 dpoveda kernel: [    0.004818] Movable zone start for each node
May  1 14:51:16 dpoveda kernel: [    0.004818] Early memory node ranges
May  1 14:51:16 dpoveda kernel: [    0.004819]   node   0: [mem 0x0000000000001000-0x000000000009efff]
May  1 14:51:16 dpoveda kernel: [    0.004820]   node   0: [mem 0x0000000000100000-0x00000000dffeffff]
May  1 14:51:16 dpoveda kernel: [    0.004821]   node   0: [mem 0x0000000100000000-0x000000011fffffff]
May  1 14:51:16 dpoveda kernel: [    0.004822] Initmem setup node 0 [mem 0x0000000000001000-0x000000011fffffff]
May  1 14:51:16 dpoveda kernel: [    0.004866] On node 0, zone DMA: 1 pages in unavailable ranges
May  1 14:51:16 dpoveda kernel: [    0.005658] On node 0, zone DMA: 97 pages in unavailable ranges
May  1 14:51:16 dpoveda kernel: [    0.159272] On node 0, zone Normal: 16 pages in unavailable ranges
May  1 14:51:16 dpoveda kernel: [    0.160337] ACPI: PM-Timer IO Port: 0x4008
May  1 14:51:16 dpoveda kernel: [    0.160538] IOAPIC[0]: apic_id 4, version 32, address 0xfec00000, GSI 0-23
May  1 14:51:16 dpoveda kernel: [    0.160541] ACPI: INT_SRC_OVR (bus 0 bus_irq 0 global_irq 2 dfl dfl)
May  1 14:51:16 dpoveda kernel: [    0.160542] ACPI: INT_SRC_OVR (bus 0 bus_irq 9 global_irq 9 low level)
May  1 14:51:16 dpoveda kernel: [    0.160545] ACPI: Using ACPI (MADT) for SMP configuration information
May  1 14:51:16 dpoveda kernel: [    0.160565] smpboot: Allowing 4 CPUs, 0 hotplug CPUs
May  1 14:51:16 dpoveda kernel: [    0.160631] PM: hibernation: Registered nosave memory: [mem 0x00000000-0x00000fff]
May  1 14:51:16 dpoveda kernel: [    0.160633] PM: hibernation: Registered nosave memory: [mem 0x0009f000-0x0009ffff]
May  1 14:51:16 dpoveda kernel: [    0.160633] PM: hibernation: Registered nosave memory: [mem 0x000a0000-0x000effff]
May  1 14:51:16 dpoveda kernel: [    0.160634] PM: hibernation: Registered nosave memory: [mem 0x000f0000-0x000fffff]
May  1 14:51:16 dpoveda kernel: [    0.160634] PM: hibernation: Registered nosave memory: [mem 0xdfff0000-0xdfffffff]
May  1 14:51:16 dpoveda kernel: [    0.160635] PM: hibernation: Registered nosave memory: [mem 0xe0000000-0xfebfffff]
May  1 14:51:16 dpoveda kernel: [    0.160635] PM: hibernation: Registered nosave memory: [mem 0xfec00000-0xfec00fff]
May  1 14:51:16 dpoveda kernel: [    0.160636] PM: hibernation: Registered nosave memory: [mem 0xfec01000-0xfedfffff]
May  1 14:51:16 dpoveda kernel: [    0.160636] PM: hibernation: Registered nosave memory: [mem 0xfee00000-0xfee00fff]
May  1 14:51:16 dpoveda kernel: [    0.160636] PM: hibernation: Registered nosave memory: [mem 0xfee01000-0xfffbffff]
May  1 14:51:16 dpoveda kernel: [    0.160637] PM: hibernation: Registered nosave memory: [mem 0xfffc0000-0xffffffff]
May  1 14:51:16 dpoveda kernel: [    0.160638] [mem 0xe0000000-0xfebfffff] available for PCI devices
May  1 14:51:16 dpoveda kernel: [    0.160638] Booting paravirtualized kernel on KVM
May  1 14:51:16 dpoveda kernel: [    0.160641] clocksource: refined-jiffies: mask: 0xffffffff max_cycles: 0xffffffff, max_idle_ns: 1910969940391419 ns
May  1 14:51:16 dpoveda kernel: [    0.164009] setup_percpu: NR_CPUS:64 nr_cpumask_bits:4 nr_cpu_ids:4 nr_node_ids:1
May  1 14:51:16 dpoveda kernel: [    0.168432] percpu: Embedded 53 pages/cpu s176296 r8192 d32600 u524288
May  1 14:51:16 dpoveda kernel: [    0.168436] pcpu-alloc: s176296 r8192 d32600 u524288 alloc=1*2097152
May  1 14:51:16 dpoveda kernel: [    0.168438] pcpu-alloc: [0] 0 1 2 3 
May  1 14:51:16 dpoveda kernel: [    0.168488] Fallback order for Node 0: 0 
May  1 14:51:16 dpoveda kernel: [    0.168490] Built 1 zonelists, mobility grouping on.  Total pages: 1031920
May  1 14:51:16 dpoveda kernel: [    0.168491] Policy zone: Normal
May  1 14:51:16 dpoveda kernel: [    0.168492] Kernel command line: BOOT_IMAGE=/vmlinuz-6.1.11-dpoveda root=/dev/sda3 ro
May  1 14:51:16 dpoveda kernel: [    0.168512] Unknown kernel command line parameters "BOOT_IMAGE=/vmlinuz-6.1.11-dpoveda", will be passed to user space.
May  1 14:51:16 dpoveda kernel: [    0.177400] Dentry cache hash table entries: 524288 (order: 10, 4194304 bytes, linear)
May  1 14:51:16 dpoveda kernel: [    0.181644] Inode-cache hash table entries: 262144 (order: 9, 2097152 bytes, linear)
May  1 14:51:16 dpoveda kernel: [    0.181759] mem auto-init: stack:all(zero), heap alloc:off, heap free:off
May  1 14:51:16 dpoveda kernel: [    0.181765] software IO TLB: area num 4.
May  1 14:51:16 dpoveda kernel: [    0.317943] Memory: 4019160K/4193848K available (16396K kernel code, 2680K rwdata, 4820K rodata, 1528K init, 864K bss, 174428K reserved, 0K cma-reserved)
May  1 14:51:16 dpoveda kernel: [    0.318002] SLUB: HWalign=64, Order=0-3, MinObjects=0, CPUs=4, Nodes=1
May  1 14:51:16 dpoveda kernel: [    0.319541] Dynamic Preempt: voluntary
May  1 14:51:16 dpoveda kernel: [    0.319708] rcu: Preemptible hierarchical RCU implementation.
May  1 14:51:16 dpoveda kernel: [    0.319709] rcu: ^IRCU event tracing is enabled.
May  1 14:51:16 dpoveda kernel: [    0.319710] rcu: ^IRCU restricting CPUs from NR_CPUS=64 to nr_cpu_ids=4.
May  1 14:51:16 dpoveda kernel: [    0.319712] ^ITrampoline variant of Tasks RCU enabled.
May  1 14:51:16 dpoveda kernel: [    0.319712] rcu: RCU calculated value of scheduler-enlistment delay is 100 jiffies.
May  1 14:51:16 dpoveda kernel: [    0.319713] rcu: Adjusting geometry for rcu_fanout_leaf=16, nr_cpu_ids=4
May  1 14:51:16 dpoveda kernel: [    0.321574] NR_IRQS: 4352, nr_irqs: 456, preallocated irqs: 16
May  1 14:51:16 dpoveda kernel: [    0.321880] rcu: srcu_init: Setting srcu_struct sizes based on contention.
May  1 14:51:16 dpoveda kernel: [    0.349023] Console: colour VGA+ 80x25
May  1 14:51:16 dpoveda kernel: [    0.529623] printk: console [tty0] enabled
May  1 14:51:16 dpoveda kernel: [    0.530780] ACPI: Core revision 20220331
May  1 14:51:16 dpoveda kernel: [    0.531965] APIC: Switch to symmetric I/O mode setup
May  1 14:51:16 dpoveda kernel: [    0.541244] ..TIMER: vector=0x30 apic1=0 pin1=2 apic2=-1 pin2=-1
May  1 14:51:16 dpoveda kernel: [    0.542869] clocksource: tsc-early: mask: 0xffffffffffffffff max_cycles: 0x6a77c752a1a, max_idle_ns: 881590993566 ns
May  1 14:51:16 dpoveda kernel: [    0.545528] Calibrating delay loop (skipped) preset value.. 7386.20 BogoMIPS (lpj=3693104)
May  1 14:51:16 dpoveda kernel: [    0.546522] pid_max: default: 32768 minimum: 301
May  1 14:51:16 dpoveda kernel: [    0.546522] LSM: Security Framework initializing
May  1 14:51:16 dpoveda kernel: [    0.546522] SELinux:  Initializing.
May  1 14:51:16 dpoveda kernel: [    0.546522] Mount-cache hash table entries: 8192 (order: 4, 65536 bytes, linear)
May  1 14:51:16 dpoveda kernel: [    0.546522] Mountpoint-cache hash table entries: 8192 (order: 4, 65536 bytes, linear)
May  1 14:51:16 dpoveda kernel: [    0.546522] Last level iTLB entries: 4KB 512, 2MB 512, 4MB 256
May  1 14:51:16 dpoveda kernel: [    0.546522] Last level dTLB entries: 4KB 2048, 2MB 2048, 4MB 1024, 1GB 0
May  1 14:51:16 dpoveda kernel: [    0.546522] Spectre V1 : Mitigation: usercopy/swapgs barriers and __user pointer sanitization
May  1 14:51:16 dpoveda kernel: [    0.546528] Spectre V2 : Mitigation: Retpolines
May  1 14:51:16 dpoveda kernel: [    0.548526] Spectre V2 : Spectre v2 / SpectreRSB mitigation: Filling RSB on context switch
May  1 14:51:16 dpoveda kernel: [    0.549524] Spectre V2 : Spectre v2 / SpectreRSB : Filling RSB on VMEXIT
May  1 14:51:16 dpoveda kernel: [    0.565522] Freeing SMP alternatives memory: 44K
May  1 14:51:16 dpoveda kernel: [    0.679525] APIC calibration not consistent with PM-Timer: 126ms instead of 100ms
May  1 14:51:16 dpoveda kernel: [    0.680522] APIC delta adjusted to PM-Timer: 6295767 (7936289)
May  1 14:51:16 dpoveda kernel: [    0.680742] smpboot: CPU0: AMD Ryzen 9 5900X 12-Core Processor (family: 0x19, model: 0x21, stepping: 0x0)
May  1 14:51:16 dpoveda kernel: [    0.682881] cblist_init_generic: Setting adjustable number of callback queues.
May  1 14:51:16 dpoveda kernel: [    0.683524] cblist_init_generic: Setting shift to 2 and lim to 1.
May  1 14:51:16 dpoveda kernel: [    0.684588] Performance Events: PMU not available due to virtualization, using software events only.
